Archive member included to satisfy reference by file (symbol)

C:/ST/STM32CubeIDE_1.18.0/STM32CubeIDE/plugins/com.st.stm32cube.ide.mcu.externaltools.gnu-tools-for-stm32.13.3.rel1.win32_1.0.0.202411081344/tools/bin/../lib/gcc/arm-none-eabi/13.3.1/../../../../arm-none-eabi/lib/thumb/v7-m/nofp\libc_nano.a(libc_a-atoi.o)
                              ./Core/Src/main.o (atoi)
C:/ST/STM32CubeIDE_1.18.0/STM32CubeIDE/plugins/com.st.stm32cube.ide.mcu.externaltools.gnu-tools-for-stm32.13.3.rel1.win32_1.0.0.202411081344/tools/bin/../lib/gcc/arm-none-eabi/13.3.1/../../../../arm-none-eabi/lib/thumb/v7-m/nofp\libc_nano.a(libc_a-exit.o)
                              C:/ST/STM32CubeIDE_1.18.0/STM32CubeIDE/plugins/com.st.stm32cube.ide.mcu.externaltools.gnu-tools-for-stm32.13.3.rel1.win32_1.0.0.202411081344/tools/bin/../lib/gcc/arm-none-eabi/13.3.1/../../../../arm-none-eabi/lib/thumb/v7-m/nofp/crt0.o (exit)
C:/ST/STM32CubeIDE_1.18.0/STM32CubeIDE/plugins/com.st.stm32cube.ide.mcu.externaltools.gnu-tools-for-stm32.13.3.rel1.win32_1.0.0.202411081344/tools/bin/../lib/gcc/arm-none-eabi/13.3.1/../../../../arm-none-eabi/lib/thumb/v7-m/nofp\libc_nano.a(libc_a-strtol.o)
                              C:/ST/STM32CubeIDE_1.18.0/STM32CubeIDE/plugins/com.st.stm32cube.ide.mcu.externaltools.gnu-tools-for-stm32.13.3.rel1.win32_1.0.0.202411081344/tools/bin/../lib/gcc/arm-none-eabi/13.3.1/../../../../arm-none-eabi/lib/thumb/v7-m/nofp\libc_nano.a(libc_a-atoi.o) (_strtol_r)
C:/ST/STM32CubeIDE_1.18.0/STM32CubeIDE/plugins/com.st.stm32cube.ide.mcu.externaltools.gnu-tools-for-stm32.13.3.rel1.win32_1.0.0.202411081344/tools/bin/../lib/gcc/arm-none-eabi/13.3.1/../../../../arm-none-eabi/lib/thumb/v7-m/nofp\libc_nano.a(libc_a-ctype_.o)
                              C:/ST/STM32CubeIDE_1.18.0/STM32CubeIDE/plugins/com.st.stm32cube.ide.mcu.externaltools.gnu-tools-for-stm32.13.3.rel1.win32_1.0.0.202411081344/tools/bin/../lib/gcc/arm-none-eabi/13.3.1/../../../../arm-none-eabi/lib/thumb/v7-m/nofp\libc_nano.a(libc_a-strtol.o) (_ctype_)
C:/ST/STM32CubeIDE_1.18.0/STM32CubeIDE/plugins/com.st.stm32cube.ide.mcu.externaltools.gnu-tools-for-stm32.13.3.rel1.win32_1.0.0.202411081344/tools/bin/../lib/gcc/arm-none-eabi/13.3.1/../../../../arm-none-eabi/lib/thumb/v7-m/nofp\libc_nano.a(libc_a-nano-vfprintf_float.o)
                              (_printf_float)
C:/ST/STM32CubeIDE_1.18.0/STM32CubeIDE/plugins/com.st.stm32cube.ide.mcu.externaltools.gnu-tools-for-stm32.13.3.rel1.win32_1.0.0.202411081344/tools/bin/../lib/gcc/arm-none-eabi/13.3.1/../../../../arm-none-eabi/lib/thumb/v7-m/nofp\libc_nano.a(libc_a-nano-vfprintf_i.o)
                              C:/ST/STM32CubeIDE_1.18.0/STM32CubeIDE/plugins/com.st.stm32cube.ide.mcu.externaltools.gnu-tools-for-stm32.13.3.rel1.win32_1.0.0.202411081344/tools/bin/../lib/gcc/arm-none-eabi/13.3.1/../../../../arm-none-eabi/lib/thumb/v7-m/nofp\libc_nano.a(libc_a-nano-vfprintf_float.o) (_printf_common)
C:/ST/STM32CubeIDE_1.18.0/STM32CubeIDE/plugins/com.st.stm32cube.ide.mcu.externaltools.gnu-tools-for-stm32.13.3.rel1.win32_1.0.0.202411081344/tools/bin/../lib/gcc/arm-none-eabi/13.3.1/../../../../arm-none-eabi/lib/thumb/v7-m/nofp\libc_nano.a(libc_a-findfp.o)
                              ./Middlewares/Third_Party/FreeRTOS/Source/tasks.o (__sf)
C:/ST/STM32CubeIDE_1.18.0/STM32CubeIDE/plugins/com.st.stm32cube.ide.mcu.externaltools.gnu-tools-for-stm32.13.3.rel1.win32_1.0.0.202411081344/tools/bin/../lib/gcc/arm-none-eabi/13.3.1/../../../../arm-none-eabi/lib/thumb/v7-m/nofp\libc_nano.a(libc_a-fwalk.o)
                              C:/ST/STM32CubeIDE_1.18.0/STM32CubeIDE/plugins/com.st.stm32cube.ide.mcu.externaltools.gnu-tools-for-stm32.13.3.rel1.win32_1.0.0.202411081344/tools/bin/../lib/gcc/arm-none-eabi/13.3.1/../../../../arm-none-eabi/lib/thumb/v7-m/nofp\libc_nano.a(libc_a-findfp.o) (_fwalk_sglue)
C:/ST/STM32CubeIDE_1.18.0/STM32CubeIDE/plugins/com.st.stm32cube.ide.mcu.externaltools.gnu-tools-for-stm32.13.3.rel1.win32_1.0.0.202411081344/tools/bin/../lib/gcc/arm-none-eabi/13.3.1/../../../../arm-none-eabi/lib/thumb/v7-m/nofp\libc_nano.a(libc_a-sprintf.o)
                              ./Core/Src/main.o (sprintf)
C:/ST/STM32CubeIDE_1.18.0/STM32CubeIDE/plugins/com.st.stm32cube.ide.mcu.externaltools.gnu-tools-for-stm32.13.3.rel1.win32_1.0.0.202411081344/tools/bin/../lib/gcc/arm-none-eabi/13.3.1/../../../../arm-none-eabi/lib/thumb/v7-m/nofp\libc_nano.a(libc_a-stdio.o)
                              C:/ST/STM32CubeIDE_1.18.0/STM32CubeIDE/plugins/com.st.stm32cube.ide.mcu.externaltools.gnu-tools-for-stm32.13.3.rel1.win32_1.0.0.202411081344/tools/bin/../lib/gcc/arm-none-eabi/13.3.1/../../../../arm-none-eabi/lib/thumb/v7-m/nofp\libc_nano.a(libc_a-findfp.o) (__sread)
C:/ST/STM32CubeIDE_1.18.0/STM32CubeIDE/plugins/com.st.stm32cube.ide.mcu.externaltools.gnu-tools-for-stm32.13.3.rel1.win32_1.0.0.202411081344/tools/bin/../lib/gcc/arm-none-eabi/13.3.1/../../../../arm-none-eabi/lib/thumb/v7-m/nofp\libc_nano.a(libc_a-memset.o)
[...]
Memory Configuration

Name             Origin             Length             Attributes
RAM              0x20000000         0x00005000         xrw
FLASH            0x08000000         0x00010000         xr
*default*        0x00000000         0xffffffff

Linker script and memory map

LOAD C:/ST/STM32CubeIDE_1.18.0/STM32CubeIDE/plugins/com.st.stm32cube.ide.mcu.externaltools.gnu-tools-for-stm32.13.3.rel1.win32_1.0.0.202411081344/tools/bin/../lib/gcc/arm-none-eabi/13.3.1/thumb/v7-m/nofp/crti.o
LOAD C:/ST/STM32CubeIDE_1.18.0/STM32CubeIDE/plugins/com.st.stm32cube.ide.mcu.externaltools.gnu-tools-for-stm32.13.3.rel1.win32_1.0.0.202411081344/tools/bin/../lib/gcc/arm-none-eabi/13.3.1/thumb/v7-m/nofp/crtbegin.o
LOAD C:/ST/STM32CubeIDE_1.18.0/STM32CubeIDE/plugins/com.st.stm32cube.ide.mcu.externaltools.gnu-tools-for-stm32.13.3.rel1.win32_1.0.0.202411081344/tools/bin/../lib/gcc/arm-none-eabi/13.3.1/../../../../arm-none-eabi/lib/thumb/v7-m/nofp/crt0.o
LOAD ./Core/Src/adc.o
LOAD ./Core/Src/fatfs_sh.o
LOAD ./Core/Src/flash.o
LOAD ./Core/Src/freertos.o
LOAD ./Core/Src/interrupt.o
LOAD ./Core/Src/lcd.o
LOAD ./Core/Src/main.o
LOAD ./Core/Src/matrix_key.o
LOAD ./Core/Src/pwm.o
LOAD ./Core/Src/stm32f1xx_hal_msp.o
LOAD ./Core/Src/stm32f1xx_hal_timebase_tim.o
LOAD ./Core/Src/stm32f1xx_it.o
LOAD ./Core/Src/syscalls.o
LOAD ./Core/Src/sysmem.o
LOAD ./Core/Src/system_stm32f1xx.o
LOAD ./Core/Src/uart.o
LOAD ./Core/Startup/startup_stm32f103c8tx.o
LOAD ./Drivers/STM32F1xx_HAL_Driver/Src/stm32f1xx_hal.o
LOAD ./Drivers/STM32F1xx_HAL_Driver/Src/stm32f1xx_hal_cortex.o
LOAD ./Drivers/STM32F1xx_HAL_Driver/Src/stm32f1xx_hal_dma.o
LOAD ./Drivers/STM32F1xx_HAL_Driver/Src/stm32f1xx_hal_exti.o
LOAD ./Drivers/STM32F1xx_HAL_Driver/Src/stm32f1xx_hal_flash.o
LOAD ./Drivers/STM32F1xx_HAL_Driver/Src/stm32f1xx_hal_flash_ex.o
LOAD ./Drivers/STM32F1xx_HAL_Driver/Src/stm32f1xx_hal_gpio.o
LOAD ./Drivers/STM32F1xx_HAL_Driver/Src/stm32f1xx_hal_gpio_ex.o
LOAD ./Drivers/STM32F1xx_HAL_Driver/Src/stm32f1xx_hal_pwr.o
LOAD ./Drivers/STM32F1xx_HAL_Driver/Src/stm32f1xx_hal_rcc.o
LOAD ./Drivers/STM32F1xx_HAL_Driver/Src/stm32f1xx_hal_rcc_ex.o
LOAD ./Drivers/STM32F1xx_HAL_Driver/Src/stm32f1xx_hal_spi.o
LOAD ./Drivers/STM32F1xx_HAL_Driver/Src/stm32f1xx_hal_tim.o
LOAD ./Drivers/STM32F1xx_HAL_Driver/Src/stm32f1xx_hal_tim_ex.o
LOAD ./FATFS/App/fatfs.o
LOAD ./FATFS/Target/user_diskio.o
LOAD ./Middlewares/Third_Party/FatFs/src/diskio.o
LOAD ./Middlewares/Third_Party/FatFs/src/ff.o
LOAD ./Middlewares/Third_Party/FatFs/src/ff_gen_drv.o
LOAD ./Middlewares/Third_Party/FatFs/src/option/syscall.o
LOAD ./Middlewares/Third_Party/FreeRTOS/Source/CMSIS_RTOS/cmsis_os.o
LOAD ./Middlewares/Third_Party/FreeRTOS/Source/croutine.o
LOAD ./Middlewares/Third_Party/FreeRTOS/Source/event_groups.o
LOAD ./Middlewares/Third_Party/FreeRTOS/Source/list.o
LOAD ./Middlewares/Third_Party/FreeRTOS/Source/queue.o
LOAD ./Middlewares/Third_Party/FreeRTOS/Source/stream_buffer.o
LOAD ./Middlewares/Third_Party/FreeRTOS/Source/tasks.o
LOAD ./Middlewares/Third_Party/FreeRTOS/Source/timers.o
LOAD ./Middlewares/Third_Party/FreeRTOS/Source/portable/GCC/ARM_CM3/port.o
LOAD ./Middlewares/Third_Party/FreeRTOS/Source/portable/MemMang/heap_4.o
START GROUP
LOAD C:/ST/STM32CubeIDE_1.18.0/STM32CubeIDE/plugins/com.st.stm32cube.ide.mcu.externaltools.gnu-tools-for-stm32.13.3.rel1.win32_1.0.0.202411081344/tools/bin/../lib/gcc/arm-none-eabi/13.3.1/../../../../arm-none-eabi/lib/thumb/v7-m/nofp\libc_nano.a
LOAD C:/ST/STM32CubeIDE_1.18.0/STM32CubeIDE/plugins/com.st.stm32cube.ide.mcu.externaltools.gnu-tools-for-stm32.13.3.rel1.win32_1.0.0.202411081344/tools/bin/../lib/gcc/arm-none-eabi/13.3.1/../../../../arm-none-eabi/lib/thumb/v7-m/nofp\libm.a
END GROUP
START GROUP
LOAD C:/ST/STM32CubeIDE_1.18.0/STM32CubeIDE/plugins/com.st.stm32cube.ide.mcu.externaltools.gnu-tools-for-stm32.13.3.rel1.win32_1.0.0.202411081344/tools/bin/../lib/gcc/arm-none-eabi/13.3.1/thumb/v7-m/nofp\libgcc.a
LOAD C:/ST/STM32CubeIDE_1.18.0/STM32CubeIDE/plugins/com.st.stm32cube.ide.mcu.externaltools.gnu-tools-for-stm32.13.3.rel1.win32_1.0.0.202411081344/tools/bin/../lib/gcc/arm-none-eabi/13.3.1/../../../../arm-none-eabi/lib/thumb/v7-m/nofp\libc_nano.a
END GROUP
START GROUP
LOAD C:/ST/STM32CubeIDE_1.18.0/STM32CubeIDE/plugins/com.st.stm32cube.ide.mcu.externaltools.gnu-tools-for-stm32.13.3.rel1.win32_1.0.0.202411081344/tools/bin/../lib/gcc/arm-none-eabi/13.3.1/thumb/v7-m/nofp\libgcc.a
LOAD C:/ST/STM32CubeIDE_1.18.0/STM32CubeIDE/plugins/com.st.stm32cube.ide.mcu.externaltools.gnu-tools-for-stm32.13.3.rel1.win32_1.0.0.202411081344/tools/bin/../lib/gcc/arm-none-eabi/13.3.1/../../../../arm-none-eabi/lib/thumb/v7-m/nofp\libc_nano.a
LOAD C:/ST/STM32CubeIDE_1.18.0/STM32CubeIDE/plugins/com.st.stm32cube.ide.mcu.externaltools.gnu-tools-for-stm32.13.3.rel1.win32_1.0.0.202411081344/tools/bin/../lib/gcc/arm-none-eabi/13.3.1/../../../../arm-none-eabi/lib/thumb/v7-m/nofp\libnosys.a
END GROUP
START GROUP
LOAD C:/ST/STM32CubeIDE_1.18.0/STM32CubeIDE/plugins/com.st.stm32cube.ide.mcu.externaltools.gnu-tools-for-stm32.13.3.rel1.win32_1.0.0.202411081344/tools/bin/../lib/gcc/arm-none-eabi/13.3.1/thumb/v7-m/nofp\libgcc.a
LOAD C:/ST/STM32CubeIDE_1.18.0/STM32CubeIDE/plugins/com.st.stm32cube.ide.mcu.externaltools.gnu-tools-for-stm32.13.3.rel1.win32_1.0.0.202411081344/tools/bin/../lib/gcc/arm-none-eabi/13.3.1/../../../../arm-none-eabi/lib/thumb/v7-m/nofp\libc_nano.a
LOAD C:/ST/STM32CubeIDE_1.18.0/STM32CubeIDE/plugins/com.st.stm32cube.ide.mcu.externaltools.gnu-tools-for-stm32.13.3.rel1.win32_1.0.0.202411081344/tools/bin/../lib/gcc/arm-none-eabi/13.3.1/../../../../arm-none-eabi/lib/thumb/v7-m/nofp\libnosys.a
END GROUP
LOAD C:/ST/STM32CubeIDE_1.18.0/STM32CubeIDE/plugins/com.st.stm32cube.ide.mcu.externaltools.gnu-tools-for-stm32.13.3.rel1.win32_1.0.0.202411081344/tools/bin/../lib/gcc/arm-none-eabi/13.3.1/thumb/v7-m/nofp/crtend.o
LOAD C:/ST/STM32CubeIDE_1.18.0/STM32CubeIDE/plugins/com.st.stm32cube.ide.mcu.externaltools.gnu-tools-for-stm32.13.3.rel1.win32_1.0.0.202411081344/tools/bin/../lib/gcc/arm-none-eabi/13.3.1/thumb/v7-m/nofp/crtn.o
                0x20005000                        _estack = (ORIGIN (RAM) + LENGTH (RAM))
                0x00000200                        _Min_Heap_Size = 0x200
                0x00000400                        _Min_Stack_Size = 0x400

.isr_vector     0x08000000      0x10c
                0x08000000                        . = ALIGN (0x4)
 *(.isr_vector)
 .isr_vector    0x08000000      0x10c ./Core/Startup/startup_stm32f103c8tx.o
                0x08000000                g_pfnVectors
                0x0800010c                        . = ALIGN (0x4)

.text           0x08000110     0xe4a4
                0x08000110                        . = ALIGN (0x4)
 *(.text)
 .text          0x08000110       0x40 C:/ST/STM32CubeIDE_1.18.0/STM32CubeIDE/plugins/com.st.stm32cube.ide.mcu.externaltools.gnu-tools-for-stm32.13.3.rel1.win32_1.0.0.202411081344/tools/bin/../lib/gcc/arm-none-eabi/13.3.1/thumb/v7-m/nofp/crtbegin.o
 .text          0x08000150       0x10 C:/ST/STM32CubeIDE_1.18.0/STM32CubeIDE/plugins/com.st.stm32cube.ide.mcu.externaltools.gnu-tools-for-stm32.13.3.rel1.win32_1.0.0.202411081344/tools/bin/../lib/gcc/arm-none-eabi/13.3.1/../../../../arm-none-eabi/lib/thumb/v7-m/nofp\libc_nano.a(libc_a-strlen.o)
                0x08000150                strlen
 .text          0x08000160      0x378 C:/ST/STM32CubeIDE_1.18.0/STM32CubeIDE/plugins/com.st.stm32cube.ide.mcu.externaltools.gnu-tools-for-stm32.13.3.rel1.win32_1.0.0.202411081344/tools/bin/../lib/gcc/arm-none-eabi/13.3.1/thumb/v7-m/nofp\libgcc.a(_arm_addsubdf3.o)
                0x08000160                __aeabi_drsub
                0x08000168                __aeabi_dsub
                0x08000168                __subdf3
                0x0800016c                __aeabi_dadd
                0x0800016c                __adddf3
                0x080003e4                __floatunsidf
                0x080003e4                __aeabi_ui2d
                0x08000404                __floatsidf
                0x08000404                __aeabi_i2d
                0x08000428                __aeabi_f2d
                0x08000428                __extendsfdf2
                0x0800046c                __floatundidf
                0x0800046c                __aeabi_ul2d
                0x0800047c                __floatdidf
                0x0800047c                __aeabi_l2d
 .text          0x080004d8      0x424 C:/ST/STM32CubeIDE_1.18.0/STM32CubeIDE/plugins/com.st.stm32cube.ide.mcu.externaltools.gnu-tools-for-stm32.13.3.rel1.win32_1.0.0.202411081344/tools/bin/../lib/gcc/arm-none-eabi/13.3.1/thumb/v7-m/nofp\libgcc.a(_arm_muldivdf3.o)
                0x080004d8                __aeabi_dmul
                0x080004d8                __muldf3
                0x0800072c                __divdf3
                0x0800072c                __aeabi_ddiv
 .text          0x080008fc      0x110 C:/ST/STM32CubeIDE_1.18.0/STM32CubeIDE/plugins/com.st.stm32cube.ide.mcu.externaltools.gnu-tools-for-stm32.13.3.rel1.win32_1.0.0.202411081344/tools/bin/../lib/gcc/arm-none-eabi/13.3.1/thumb/v7-m/nofp\libgcc.a(_arm_cmpdf2.o)
                0x080008fc                __gtdf2
                0x080008fc                __gedf2
                0x08000904                __ltdf2
                0x08000904                __ledf2
                0x0800090c                __nedf2
                0x0800090c                __eqdf2
                0x0800090c                __cmpdf2
                0x08000988                __aeabi_cdrcmple
                0x08000998                __aeabi_cdcmpeq
                0x08000998                __aeabi_cdcmple
                0x080009a8                __aeabi_dcmpeq
                0x080009bc                __aeabi_dcmplt
                0x080009d0                __aeabi_dcmple
                0x080009e4                __aeabi_dcmpge
                0x080009f8                __aeabi_dcmpgt
 .text          0x08000a0c       0x2c C:/ST/STM32CubeIDE_1.18.0/STM32CubeIDE/plugins/com.st.stm32cube.ide.mcu.externaltools.gnu-tools-for-stm32.13.3.rel1.win32_1.0.0.202411081344/tools/bin/../lib/gcc/arm-none-eabi/13.3.1/thumb/v7-m/nofp\libgcc.a(_arm_unorddf2.o)
                0x08000a0c                __unorddf2
                0x08000a0c                __aeabi_dcmpun
 .text          0x08000a38       0x50 C:/ST/STM32CubeIDE_1.18.0/STM32CubeIDE/plugins/com.st.stm32cube.ide.mcu.externaltools.gnu-tools-for-stm32.13.3.rel1.win32_1.0.0.202411081344/tools/bin/../lib/gcc/arm-none-eabi/13.3.1/thumb/v7-m/nofp\libgcc.a(_arm_fixdfsi.o)
                0x08000a38                __aeabi_d2iz
                0x08000a38                __fixdfsi
 .text          0x08000a88       0xa0 C:/ST/STM32CubeIDE_1.18.0/STM32CubeIDE/plugins/com.st.stm32cube.ide.mcu.externaltools.gnu-tools-for-stm32.13.3.rel1.win32_1.0.0.202411081344/tools/bin/../lib/gcc/arm-none-eabi/13.3.1/thumb/v7-m/nofp\libgcc.a(_arm_truncdfsf2.o)
                0x08000a88                __truncdfsf2
                0x08000a88                __aeabi_d2f
 .text          0x08000b28      0x21c C:/ST/STM32CubeIDE_1.18.0/STM32CubeIDE/plugins/com.st.stm32cube.ide.mcu.externaltools.gnu-tools-for-stm32.13.3.rel1.win32_1.0.0.202411081344/tools/bin/../lib/gcc/arm-none-eabi/13.3.1/thumb/v7-m/nofp\libgcc.a(_arm_addsubsf3.o)
                0x08000b28                __aeabi_frsub
                0x08000b30                __subsf3
                0x08000b30                __aeabi_fsub
                0x08000b34                __aeabi_fadd
                0x08000b34                __addsf3
                0x08000c94                __aeabi_ui2f
                0x08000c94                __floatunsisf
                0x08000c9c                __aeabi_i2f
                0x08000c9c                __floatsisf
                0x08000cb8                __aeabi_ul2f
                0x08000cb8                __floatundisf
                0x08000cc8                __aeabi_l2f
                0x08000cc8                __floatdisf
 .text          0x08000d44      0x2a0 C:/ST/STM32CubeIDE_1.18.0/STM32CubeIDE/plugins/com.st.stm32cube.ide.mcu.externaltools.gnu-tools-for-stm32.13.3.rel1.win32_1.0.0.202411081344/tools/bin/../lib/gcc/arm-none-eabi/13.3.1/thumb/v7-m/nofp\libgcc.a(_arm_muldivsf3.o)
                0x08000d44                __mulsf3
                0x08000d44                __aeabi_fmul
                0x08000eac                __aeabi_fdiv
                0x08000eac                __divsf3
 .text          0x08000fe4       0x4c C:/ST/STM32CubeIDE_1.18.0/STM32CubeIDE/plugins/com.st.stm32cube.ide.mcu.externaltools.gnu-tools-for-stm32.13.3.rel1.win32_1.0.0.202411081344/tools/bin/../lib/gcc/arm-none-eabi/13.3.1/thumb/v7-m/nofp\libgcc.a(_arm_fixsfsi.o)
                0x08000fe4                __aeabi_f2iz
                0x08000fe4                __fixsfsi
 *(.text*)
 .text.adc_config
                0x08001030       0xb0 ./Core/Src/adc.o
                0x08001030                adc_config
 .text.adc_read
                0x080010e0       0x44 ./Core/Src/adc.o
                0x080010e0                adc_read
 *fill*         0x08001124        0x4 
 .text.calculate_temperature
                0x08001128      0x13c ./Core/Src/adc.o
                0x08001128                calculate_temperature
 .text.SELECT   0x08001264       0x20 ./Core/Src/fatfs_sh.o
 .text.DESELECT
                0x08001284       0x20 ./Core/Src/fatfs_sh.o
 .text.SPI_TxByte
                0x080012a4       0x34 ./Core/Src/fatfs_sh.o
 .text.SPI_TxBuffer
                0x080012d8       0x34 ./Core/Src/fatfs_sh.o
 .text.SPI_RxByte
                0x0800130c       0x38 ./Core/Src/fatfs_sh.o
 .text.SPI_RxBytePtr
                0x08001344       0x1c ./Core/Src/fatfs_sh.o
 .text.SD_ReadyWait
                0x08001360       0x34 ./Core/Src/fatfs_sh.o
 .text.SD_PowerOn
                0x08001394       0x84 ./Core/Src/fatfs_sh.o
 .text.SD_PowerOff
                0x08001418       0x18 ./Core/Src/fatfs_sh.o
 .text.SD_CheckPower
                0x08001430       0x14 ./Core/Src/fatfs_sh.o
 .text.SD_RxDataBlock
                0x08001444       0x5c ./Core/Src/fatfs_sh.o
 .text.SD_TxDataBlock
                0x080014a0       0x86 ./Core/Src/fatfs_sh.o
 .text.SD_SendCmd
                0x08001526       0xa8 ./Core/Src/fatfs_sh.o
 *fill*         0x080015ce        0x2 
 .text.SD_disk_initialize
                0x080015d0      0x1cc ./Core/Src/fatfs_sh.o
                0x080015d0                SD_disk_initialize
 .text.SD_disk_status
                0x0800179c       0x28 ./Core/Src/fatfs_sh.o
                0x0800179c                SD_disk_status
 .text.SD_disk_read
                0x080017c4       0xd4 ./Core/Src/fatfs_sh.o
                0x080017c4                SD_disk_read
 .text.SD_disk_write
                0x08001898      0x108 ./Core/Src/fatfs_sh.o
                0x08001898                SD_disk_write
 .text.SD_disk_ioctl
                0x080019a0      0x254 ./Core/Src/fatfs_sh.o
                0x080019a0                SD_disk_ioctl
 .text.Flash_Unlock
                0x08001bf4       0x44 ./Core/Src/flash.o
                0x08001bf4                Flash_Unlock
 .text.Flash_Lock
                0x08001c38       0x1c ./Core/Src/flash.o
                0x08001c38                Flash_Lock
 .text.Flash_ErasePage
                0x08001c54       0x64 ./Core/Src/flash.o
                0x08001c54                Flash_ErasePage
 .text.Flash_Write
                0x08001cb8       0x58 ./Core/Src/flash.o
                0x08001cb8                Flash_Write
 .text.Flash_WriteString
                0x08001d10       0x80 ./Core/Src/flash.o
                0x08001d10                Flash_WriteString
 .text.Flash_ReadString
                0x08001d90       0x80 ./Core/Src/flash.o
                0x08001d90                Flash_ReadString
 .text.vApplicationGetIdleTaskMemory
                0x08001e10       0x30 ./Core/Src/freertos.o
                0x08001e10                vApplicationGetIdleTaskMemory
 .text.delay_ms
                0x08001e40       0x30 ./Core/Src/lcd.o
                0x08001e40                delay_ms
 .text.gpio_writebit
                0x08001e70       0x4c ./Core/Src/lcd.o
                0x08001e70                gpio_writebit
 .text.GPIO_LCD_Config
                0x08001ebc       0x70 ./Core/Src/lcd.o
                0x08001ebc                GPIO_LCD_Config
 .text.LCD_Enable
                0x08001f2c       0x18 ./Core/Src/lcd.o
                0x08001f2c                LCD_Enable
 .text.LCD_Send4Bit
                0x08001f44       0x5e ./Core/Src/lcd.o
                0x08001f44                LCD_Send4Bit
 .text.LCD_SendCommand
                0x08001fa2       0x2e ./Core/Src/lcd.o
                0x08001fa2                LCD_SendCommand
 .text.LCD_Clear
                0x08001fd0       0x14 ./Core/Src/lcd.o
                0x08001fd0                LCD_Clear
 .text.LCD_Init
                0x08001fe4       0x4e ./Core/Src/lcd.o
                0x08001fe4                LCD_Init
 .text.LCD_Gotoxy
                0x08002032       0x56 ./Core/Src/lcd.o
                0x08002032                LCD_Gotoxy
 .text.LCD_PutChar
                0x08002088       0x2a ./Core/Src/lcd.o
                0x08002088                LCD_PutChar
 .text.LCD_Puts
                0x080020b2       0x2c ./Core/Src/lcd.o
                0x080020b2                LCD_Puts
 *fill*         0x080020de        0x2 
 .text.LCD_Menu
                0x080020e0       0x6c ./Core/Src/lcd.o
                0x080020e0                LCD_Menu
 .text.Enter_Number
                0x0800214c       0x80 ./Core/Src/main.o
                0x0800214c                Enter_Number
 .text.Display_Data
                0x080021cc       0x70 ./Core/Src/main.o
                0x080021cc                Display_Data
 .text.main     0x0800223c      0x16c ./Core/Src/main.o
                0x0800223c                main
 .text.SystemClock_Config
                0x080023a8       0x76 ./Core/Src/main.o
                0x080023a8                SystemClock_Config
 *fill*         0x0800241e        0x2 
 .text.MX_SPI2_Init
                0x08002420       0x6c ./Core/Src/main.o
 .text.MX_GPIO_Init
                0x0800248c       0x98 ./Core/Src/main.o
 .text.StartDefaultTask
                0x08002524      0x5bc ./Core/Src/main.o
                0x08002524                StartDefaultTask
 .text.Task2_init
                0x08002ae0      0x1d4 ./Core/Src/main.o
                0x08002ae0                Task2_init
 .text.HAL_TIM_PeriodElapsedCallback
                0x08002cb4       0x24 ./Core/Src/main.o
                0x08002cb4                HAL_TIM_PeriodElapsedCallback
 .text.Error_Handler
                0x08002cd8        0xc ./Core/Src/main.o
                0x08002cd8                Error_Handler
 .text.gpiob_writebit
                0x08002ce4       0x4c ./Core/Src/matrix_key.o
                0x08002ce4                gpiob_writebit
 .text.gpiob_readbit
                0x08002d30       0x30 ./Core/Src/matrix_key.o
                0x08002d30                gpiob_readbit
 .text.matrix_key_init
                0x08002d60       0x5c ./Core/Src/matrix_key.o
                0x08002d60                matrix_key_init
 .text.read_keypad
                0x08002dbc      0x32a ./Core/Src/matrix_key.o
                0x08002dbc                read_keypad
 *fill*         0x080030e6        0x2 
 .text.pwm_init
                0x080030e8       0x8c ./Core/Src/pwm.o
                0x080030e8                pwm_init
 .text.HAL_MspInit
                0x08003174       0x70 ./Core/Src/stm32f1xx_hal_msp.o
                0x08003174                HAL_MspInit
 .text.HAL_SPI_MspInit
                0x080031e4       0x98 ./Core/Src/stm32f1xx_hal_msp.o
                0x080031e4                HAL_SPI_MspInit
 .text.HAL_InitTick
                0x0800327c       0xfc ./Core/Src/stm32f1xx_hal_timebase_tim.o
                0x0800327c                HAL_InitTick
 .text.NMI_Handler
                0x08003378        0x8 ./Core/Src/stm32f1xx_it.o
                0x08003378                NMI_Handler
 .text.HardFault_Handler
                0x08003380        0x8 ./Core/Src/stm32f1xx_it.o
                0x08003380                HardFault_Handler
 .text.MemManage_Handler
                0x08003388        0x8 ./Core/Src/stm32f1xx_it.o
                0x08003388                MemManage_Handler
 .text.BusFault_Handler
                0x08003390        0x8 ./Core/Src/stm32f1xx_it.o
                0x08003390                BusFault_Handler
 .text.UsageFault_Handler
                0x08003398        0x8 ./Core/Src/stm32f1xx_it.o
                0x08003398                UsageFault_Handler
 .text.DebugMon_Handler
                0x080033a0        0xc ./Core/Src/stm32f1xx_it.o
                0x080033a0                DebugMon_Handler
 .text.TIM3_IRQHandler
                0x080033ac       0x44 ./Core/Src/stm32f1xx_it.o
                0x080033ac                TIM3_IRQHandler
 .text._getpid  0x080033f0        0xe ./Core/Src/syscalls.o
                0x080033f0                _getpid
 .text._kill    0x080033fe       0x20 ./Core/Src/syscalls.o
                0x080033fe                _kill
 .text._exit    0x0800341e       0x16 ./Core/Src/syscalls.o
                0x0800341e                _exit
 .text._read    0x08003434       0x3a ./Core/Src/syscalls.o
                0x08003434                _read
 .text._write   0x0800346e       0x38 ./Core/Src/syscalls.o
                0x0800346e                _write
 .text._close   0x080034a6       0x16 ./Core/Src/syscalls.o
                0x080034a6                _close
 .text._fstat   0x080034bc       0x1e ./Core/Src/syscalls.o
                0x080034bc                _fstat
 .text._isatty  0x080034da       0x14 ./Core/Src/syscalls.o
                0x080034da                _isatty
 .text._lseek   0x080034ee       0x18 ./Core/Src/syscalls.o
                0x080034ee                _lseek
 *fill*         0x08003506        0x2 
 .text._sbrk    0x08003508       0x6c ./Core/Src/sysmem.o
                0x08003508                _sbrk
 .text.SystemInit
                0x08003574        0xc ./Core/Src/system_stm32f1xx.o
                0x08003574                SystemInit
 .text.uart2_config
                0x08003580       0x60 ./Core/Src/uart.o
                0x08003580                uart2_config
 .text.uart2_gpio
                0x080035e0       0x50 ./Core/Src/uart.o
                0x080035e0                uart2_gpio
 .text.uart_sendchar
                0x08003630       0x40 ./Core/Src/uart.o
                0x08003630                uart_sendchar
 .text.uart_sendstring
                0x08003670       0x2a ./Core/Src/uart.o
                0x08003670                uart_sendstring
 *fill*         0x0800369a        0x2 
 .text.Reset_Handler
                0x0800369c       0x48 ./Core/Startup/startup_stm32f103c8tx.o
                0x0800369c                Reset_Handler
 .text.Default_Handler
                0x080036e4        0x2 ./Core/Startup/startup_stm32f103c8tx.o
                0x080036e4                RTC_Alarm_IRQHandler
                0x080036e4                EXTI2_IRQHandler
                0x080036e4                TIM1_CC_IRQHandler
                0x080036e4                PVD_IRQHandler
                0x080036e4                EXTI3_IRQHandler
                0x080036e4                EXTI0_IRQHandler
                0x080036e4                I2C2_EV_IRQHandler
                0x080036e4                ADC1_2_IRQHandler
                0x080036e4                SPI1_IRQHandler
                0x080036e4                TAMPER_IRQHandler
                0x080036e4                DMA1_Channel4_IRQHandler
                0x080036e4                USART3_IRQHandler
                0x080036e4                RTC_IRQHandler
                0x080036e4                DMA1_Channel7_IRQHandler
                0x080036e4                CAN1_RX1_IRQHandler
                0x080036e4                TIM4_IRQHandler
                0x080036e4                I2C1_EV_IRQHandler
                0x080036e4                DMA1_Channel6_IRQHandler
                0x080036e4                RCC_IRQHandler
                0x080036e4                TIM1_TRG_COM_IRQHandler
                0x080036e4                DMA1_Channel1_IRQHandler
                0x080036e4                Default_Handler
                0x080036e4                EXTI15_10_IRQHandler
                0x080036e4                EXTI9_5_IRQHandler
                0x080036e4                SPI2_IRQHandler
                0x080036e4                DMA1_Channel5_IRQHandler
                0x080036e4                EXTI4_IRQHandler
                0x080036e4                USB_LP_CAN1_RX0_IRQHandler
                0x080036e4                USB_HP_CAN1_TX_IRQHandler
                0x080036e4                DMA1_Channel3_IRQHandler
                0x080036e4                TIM1_UP_IRQHandler
                0x080036e4                WWDG_IRQHandler
                0x080036e4                TIM2_IRQHandler
                0x080036e4                TIM1_BRK_IRQHandler
                0x080036e4                EXTI1_IRQHandler
                0x080036e4                USART2_IRQHandler
                0x080036e4                I2C2_ER_IRQHandler
                0x080036e4                DMA1_Channel2_IRQHandler
                0x080036e4                CAN1_SCE_IRQHandler
                0x080036e4                FLASH_IRQHandler
                0x080036e4                USART1_IRQHandler
                0x080036e4                I2C1_ER_IRQHandler
                0x080036e4                USBWakeUp_IRQHandler
 *fill*         0x080036e6        0x2 
 .text.HAL_Init
                0x080036e8       0x2c ./Drivers/STM32F1xx_HAL_Driver/Src/stm32f1xx_hal.o
                0x080036e8                HAL_Init
 .text.HAL_IncTick
                0x08003714       0x24 ./Drivers/STM32F1xx_HAL_Driver/Src/stm32f1xx_hal.o
                0x08003714                HAL_IncTick
 .text.HAL_GetTick
                0x08003738       0x14 ./Drivers/STM32F1xx_HAL_Driver/Src/stm32f1xx_hal.o
                0x08003738                HAL_GetTick
 .text.HAL_Delay
                0x0800374c       0x48 ./Drivers/STM32F1xx_HAL_Driver/Src/stm32f1xx_hal.o
                0x0800374c                HAL_Delay
 .text.__NVIC_SetPriorityGrouping
                0x08003794       0x48 ./Drivers/STM32F1xx_HAL_Driver/Src/stm32f1xx_hal_cortex.o
 .text.__NVIC_GetPriorityGrouping
                0x080037dc       0x1c ./Drivers/STM32F1xx_HAL_Driver/Src/stm32f1xx_hal_cortex.o
 .text.__NVIC_EnableIRQ
                0x080037f8       0x38 ./Drivers/STM32F1xx_HAL_Driver/Src/stm32f1xx_hal_cortex.o
 .text.__NVIC_SetPriority
                0x08003830       0x54 ./Drivers/STM32F1xx_HAL_Driver/Src/stm32f1xx_hal_cortex.o
 .text.NVIC_EncodePriority
                0x08003884       0x64 ./Drivers/STM32F1xx_HAL_Driver/Src/stm32f1xx_hal_cortex.o
 .text.HAL_NVIC_SetPriorityGrouping
                0x080038e8       0x16 ./Drivers/STM32F1xx_HAL_Driver/Src/stm32f1xx_hal_cortex.o
                0x080038e8                HAL_NVIC_SetPriorityGrouping
 .text.HAL_NVIC_SetPriority
                0x080038fe       0x38 ./Drivers/STM32F1xx_HAL_Driver/Src/stm32f1xx_hal_cortex.o
                0x080038fe                HAL_NVIC_SetPriority
 .text.HAL_NVIC_EnableIRQ
                0x08003936       0x1c ./Drivers/STM32F1xx_HAL_Driver/Src/stm32f1xx_hal_cortex.o
                0x08003936                HAL_NVIC_EnableIRQ
 *fill*         0x08003952        0x2 
 .text.HAL_GPIO_Init
                0x08003954      0x308 ./Drivers/STM32F1xx_HAL_Driver/Src/stm32f1xx_hal_gpio.o
                0x08003954                HAL_GPIO_Init
 .text.HAL_GPIO_WritePin
                0x08003c5c       0x30 ./Drivers/STM32F1xx_HAL_Driver/Src/stm32f1xx_hal_gpio.o
                0x08003c5c                HAL_GPIO_WritePin
 .text.HAL_RCC_OscConfig
                0x08003c8c      0x504 ./Drivers/STM32F1xx_HAL_Driver/Src/stm32f1xx_hal_rcc.o
                0x08003c8c                HAL_RCC_OscConfig
 .text.HAL_RCC_ClockConfig
                0x08004190      0x1d4 ./Drivers/STM32F1xx_HAL_Driver/Src/stm32f1xx_hal_rcc.o
                0x08004190                HAL_RCC_ClockConfig
 .text.HAL_RCC_GetSysClockFreq
                0x08004364       0xa8 ./Drivers/STM32F1xx_HAL_Driver/Src/stm32f1xx_hal_rcc.o
                0x08004364                HAL_RCC_GetSysClockFreq
 .text.HAL_RCC_GetHCLKFreq
                0x0800440c       0x14 ./Drivers/STM32F1xx_HAL_Driver/Src/stm32f1xx_hal_rcc.o
                0x0800440c                HAL_RCC_GetHCLKFreq
 .text.HAL_RCC_GetPCLK1Freq
                0x08004420       0x28 ./Drivers/STM32F1xx_HAL_Driver/Src/stm32f1xx_hal_rcc.o
                0x08004420                HAL_RCC_GetPCLK1Freq
 .text.HAL_RCC_GetClockConfig
                0x08004448       0x60 ./Drivers/STM32F1xx_HAL_Driver/Src/stm32f1xx_hal_rcc.o
                0x08004448                HAL_RCC_GetClockConfig
 .text.RCC_Delay
                0x080044a8       0x3c ./Drivers/STM32F1xx_HAL_Driver/Src/stm32f1xx_hal_rcc.o
 .text.HAL_SPI_Init
                0x080044e4      0x108 ./Drivers/STM32F1xx_HAL_Driver/Src/stm32f1xx_hal_spi.o
                0x080044e4                HAL_SPI_Init
 .text.HAL_SPI_Transmit
                0x080045ec      0x288 ./Drivers/STM32F1xx_HAL_Driver/Src/stm32f1xx_hal_spi.o
                0x080045ec                HAL_SPI_Transmit
 .text.HAL_SPI_TransmitReceive
                0x08004874      0x352 ./Drivers/STM32F1xx_HAL_Driver/Src/stm32f1xx_hal_spi.o
                0x08004874                HAL_SPI_TransmitReceive
 *fill*         0x08004bc6        0x2 
 .text.SPI_WaitFlagStateUntilTimeout
                0x08004bc8      0x110 ./Drivers/STM32F1xx_HAL_Driver/Src/stm32f1xx_hal_spi.o
 .text.SPI_EndRxTxTransaction
                0x08004cd8       0x62 ./Drivers/STM32F1xx_HAL_Driver/Src/stm32f1xx_hal_spi.o
 .text.HAL_TIM_Base_Init
                0x08004d3a       0x9e ./Drivers/STM32F1xx_HAL_Driver/Src/stm32f1xx_hal_tim.o
                0x08004d3a                HAL_TIM_Base_Init
 .text.HAL_TIM_Base_MspInit
                0x08004dd8       0x12 ./Drivers/STM32F1xx_HAL_Driver/Src/stm32f1xx_hal_tim.o
                0x08004dd8                HAL_TIM_Base_MspInit
 *fill*         0x08004dea        0x2 
 .text.HAL_TIM_Base_Start_IT
                0x08004dec       0xa4 ./Drivers/STM32F1xx_HAL_Driver/Src/stm32f1xx_hal_tim.o
                0x08004dec                HAL_TIM_Base_Start_IT
 .text.HAL_TIM_IRQHandler
                0x08004e90      0x1e0 ./Drivers/STM32F1xx_HAL_Driver/Src/stm32f1xx_hal_tim.o
                0x08004e90                HAL_TIM_IRQHandler
 .text.HAL_TIM_OC_DelayElapsedCallback
                0x08005070       0x12 ./Drivers/STM32F1xx_HAL_Driver/Src/stm32f1xx_hal_tim.o
                0x08005070                HAL_TIM_OC_DelayElapsedCallback
 .text.HAL_TIM_IC_CaptureCallback
                0x08005082       0x12 ./Drivers/STM32F1xx_HAL_Driver/Src/stm32f1xx_hal_tim.o
                0x08005082                HAL_TIM_IC_CaptureCallback
 .text.HAL_TIM_PWM_PulseFinishedCallback
                0x08005094       0x12 ./Drivers/STM32F1xx_HAL_Driver/Src/stm32f1xx_hal_tim.o
                0x08005094                HAL_TIM_PWM_PulseFinishedCallback
 .text.HAL_TIM_TriggerCallback
                0x080050a6       0x12 ./Drivers/STM32F1xx_HAL_Driver/Src/stm32f1xx_hal_tim.o
                0x080050a6                HAL_TIM_TriggerCallback
 .text.TIM_Base_SetConfig
                0x080050b8       0xdc ./Drivers/STM32F1xx_HAL_Driver/Src/stm32f1xx_hal_tim.o
                0x080050b8                TIM_Base_SetConfig
 .text.HAL_TIMEx_CommutCallback
                0x08005194       0x12 ./Drivers/STM32F1xx_HAL_Driver/Src/stm32f1xx_hal_tim_ex.o
                0x08005194                HAL_TIMEx_CommutCallback
 .text.HAL_TIMEx_BreakCallback
                0x080051a6       0x12 ./Drivers/STM32F1xx_HAL_Driver/Src/stm32f1xx_hal_tim_ex.o
                0x080051a6                HAL_TIMEx_BreakCallback
 .text.MX_FATFS_Init
                0x080051b8       0x24 ./FATFS/App/fatfs.o
                0x080051b8                MX_FATFS_Init
 .text.get_fattime
                0x080051dc        0xe ./FATFS/App/fatfs.o
                0x080051dc                get_fattime
 .text.USER_initialize
                0x080051ea       0x1c ./FATFS/Target/user_diskio.o
                0x080051ea                USER_initialize
 .text.USER_status
                0x08005206       0x1c ./FATFS/Target/user_diskio.o
                0x08005206                USER_status
 .text.USER_read
                0x08005222       0x26 ./FATFS/Target/user_diskio.o
                0x08005222                USER_read
 .text.USER_write
                0x08005248       0x26 ./FATFS/Target/user_diskio.o
                0x08005248                USER_write
 .text.USER_ioctl
                0x0800526e       0x26 ./FATFS/Target/user_diskio.o
                0x0800526e                USER_ioctl
 .text.disk_status
                0x08005294       0x34 ./Middlewares/Third_Party/FatFs/src/diskio.o
                0x08005294                disk_status
 .text.disk_initialize
                0x080052c8       0x4c ./Middlewares/Third_Party/FatFs/src/diskio.o
                0x080052c8                disk_initialize
 .text.disk_read
                0x08005314       0x40 ./Middlewares/Third_Party/FatFs/src/diskio.o
                0x08005314                disk_read
 .text.disk_write
                0x08005354       0x40 ./Middlewares/Third_Party/FatFs/src/diskio.o
                0x08005354                disk_write
 .text.disk_ioctl
                0x08005394       0x3c ./Middlewares/Third_Party/FatFs/src/diskio.o
                0x08005394                disk_ioctl
 .text.mem_cpy  0x080053d0       0x3c ./Middlewares/Third_Party/FatFs/src/ff.o
 .text.mem_set  0x0800540c       0x34 ./Middlewares/Third_Party/FatFs/src/ff.o
 .text.mem_cmp  0x08005440       0x4c ./Middlewares/Third_Party/FatFs/src/ff.o
 .text.chk_chr  0x0800548c       0x34 ./Middlewares/Third_Party/FatFs/src/ff.o
 .text.lock_fs  0x080054c0       0x20 ./Middlewares/Third_Party/FatFs/src/ff.o
 .text.unlock_fs
                0x080054e0       0x40 ./Middlewares/Third_Party/FatFs/src/ff.o
 .text.chk_lock
                0x08005520       0xe0 ./Middlewares/Third_Party/FatFs/src/ff.o
 .text.enq_lock
                0x08005600       0x48 ./Middlewares/Third_Party/FatFs/src/ff.o
 .text.inc_lock
                0x08005648      0x178 ./Middlewares/Third_Party/FatFs/src/ff.o
 .text.dec_lock
                0x080057c0       0x88 ./Middlewares/Third_Party/FatFs/src/ff.o
 .text.clear_lock
                0x08005848       0x54 ./Middlewares/Third_Party/FatFs/src/ff.o
 .text.sync_window
                0x0800589c       0xa4 ./Middlewares/Third_Party/FatFs/src/ff.o
 .text.move_window
                0x08005940       0x64 ./Middlewares/Third_Party/FatFs/src/ff.o
 .text.sync_fs  0x080059a4      0x17e ./Middlewares/Third_Party/FatFs/src/ff.o
 .text.clust2sect
                0x08005b22       0x48 ./Middlewares/Third_Party/FatFs/src/ff.o
                0x08005b22                clust2sect
 .text.get_fat  0x08005b6a      0x1f8 ./Middlewares/Third_Party/FatFs/src/ff.o
                0x08005b6a                get_fat
 .text.put_fat  0x08005d62      0x2a6 ./Middlewares/Third_Party/FatFs/src/ff.o
                0x08005d62                put_fat
 .text.remove_chain
                0x08006008       0xc2 ./Middlewares/Third_Party/FatFs/src/ff.o
 .text.create_chain
                0x080060ca      0x150 ./Middlewares/Third_Party/FatFs/src/ff.o
 .text.clmt_clust
                0x0800621a       0x80 ./Middlewares/Third_Party/FatFs/src/ff.o
 .text.dir_sdi  0x0800629a      0x19c ./Middlewares/Third_Party/FatFs/src/ff.o
 .text.dir_next
                0x08006436      0x294 ./Middlewares/Third_Party/FatFs/src/ff.o
 .text.dir_alloc
                0x080066ca       0x9c ./Middlewares/Third_Party/FatFs/src/ff.o
 .text.ld_clust
                0x08006766       0x60 ./Middlewares/Third_Party/FatFs/src/ff.o
 .text.st_clust
                0x080067c6       0x4c ./Middlewares/Third_Party/FatFs/src/ff.o
 .text.dir_find
                0x08006812       0xa6 ./Middlewares/Third_Party/FatFs/src/ff.o
 .text.dir_register
                0x080068b8       0x80 ./Middlewares/Third_Party/FatFs/src/ff.o
 .text.create_name
                0x08006938      0x184 ./Middlewares/Third_Party/FatFs/src/ff.o
 .text.follow_path
                0x08006abc       0xec ./Middlewares/Third_Party/FatFs/src/ff.o
 .text.get_ldnumber
                0x08006ba8       0x86 ./Middlewares/Third_Party/FatFs/src/ff.o
 *fill*         0x08006c2e        0x2 
 .text.check_fs
                0x08006c30       0xdc ./Middlewares/Third_Party/FatFs/src/ff.o
 .text.find_volume
                0x08006d0c      0x680 ./Middlewares/Third_Party/FatFs/src/ff.o
 .text.validate
                0x0800738c       0x8e ./Middlewares/Third_Party/FatFs/src/ff.o
 *fill*         0x0800741a        0x2 
 .text.f_mount  0x0800741c       0xd8 ./Middlewares/Third_Party/FatFs/src/ff.o
                0x0800741c                f_mount
 .text.f_open   0x080074f4      0x61e ./Middlewares/Third_Party/FatFs/src/ff.o
                0x080074f4                f_open
 .text.f_write  0x08007b12      0x51c ./Middlewares/Third_Party/FatFs/src/ff.o
                0x08007b12                f_write
 .text.f_sync   0x0800802e      0x1be ./Middlewares/Third_Party/FatFs/src/ff.o
                0x0800802e                f_sync
 .text.f_close  0x080081ec       0x68 ./Middlewares/Third_Party/FatFs/src/ff.o
                0x080081ec                f_close
 .text.f_lseek  0x08008254      0x6e2 ./Middlewares/Third_Party/FatFs/src/ff.o
                0x08008254                f_lseek
 .text.putc_bfd
                0x08008936       0x7a ./Middlewares/Third_Party/FatFs/src/ff.o
 .text.f_puts   0x080089b0       0x72 ./Middlewares/Third_Party/FatFs/src/ff.o
                0x080089b0                f_puts
 *fill*         0x08008a22        0x2 
 .text.FATFS_LinkDriverEx
                0x08008a24       0x94 ./Middlewares/Third_Party/FatFs/src/ff_gen_drv.o
                0x08008a24                FATFS_LinkDriverEx
 .text.FATFS_LinkDriver
                0x08008ab8       0x1e ./Middlewares/Third_Party/FatFs/src/ff_gen_drv.o
                0x08008ab8                FATFS_LinkDriver
 .text.ff_cre_syncobj
                0x08008ad6       0x40 ./Middlewares/Third_Party/FatFs/src/option/syscall.o
                0x08008ad6                ff_cre_syncobj
 .text.ff_del_syncobj
                0x08008b16       0x18 ./Middlewares/Third_Party/FatFs/src/option/syscall.o
                0x08008b16                ff_del_syncobj
 .text.ff_req_grant
                0x08008b2e       0x2a ./Middlewares/Third_Party/FatFs/src/option/syscall.o
                0x08008b2e                ff_req_grant
 .text.ff_rel_grant
                0x08008b58       0x16 ./Middlewares/Third_Party/FatFs/src/option/syscall.o
                0x08008b58                ff_rel_grant
 .text.makeFreeRtosPriority
                0x08008b6e       0x2e ./Middlewares/Third_Party/FreeRTOS/Source/CMSIS_RTOS/cmsis_os.o
 .text.inHandlerMode
                0x08008b9c       0x22 ./Middlewares/Third_Party/FreeRTOS/Source/CMSIS_RTOS/cmsis_os.o
 .text.osKernelStart
                0x08008bbe        0xe ./Middlewares/Third_Party/FreeRTOS/Source/CMSIS_RTOS/cmsis_os.o
                0x08008bbe                osKernelStart
 .text.osThreadCreate
                0x08008bcc       0x98 ./Middlewares/Third_Party/FreeRTOS/Source/CMSIS_RTOS/cmsis_os.o
                0x08008bcc                osThreadCreate
 .text.osDelay  0x08008c64       0x28 ./Middlewares/Third_Party/FreeRTOS/Source/CMSIS_RTOS/cmsis_os.o
                0x08008c64                osDelay
 .text.osSemaphoreCreate
                0x08008c8c       0x64 ./Middlewares/Third_Party/FreeRTOS/Source/CMSIS_RTOS/cmsis_os.o
                0x08008c8c                osSemaphoreCreate
 .text.osSemaphoreWait
                0x08008cf0       0x9c ./Middlewares/Third_Party/FreeRTOS/Source/CMSIS_RTOS/cmsis_os.o
                0x08008cf0                osSemaphoreWait
 .text.osSemaphoreRelease
                0x08008d8c       0x6c ./Middlewares/Third_Party/FreeRTOS/Source/CMSIS_RTOS/cmsis_os.o
                0x08008d8c                osSemaphoreRelease
 .text.osSemaphoreDelete
                0x08008df8       0x26 ./Middlewares/Third_Party/FreeRTOS/Source/CMSIS_RTOS/cmsis_os.o
                0x08008df8                osSemaphoreDelete
 .text.vListInitialise
                0x08008e1e       0x3e ./Middlewares/Third_Party/FreeRTOS/Source/list.o
                0x08008e1e                vListInitialise
 .text.vListInitialiseItem
                0x08008e5c       0x18 ./Middlewares/Third_Party/FreeRTOS/Source/list.o
                0x08008e5c                vListInitialiseItem
 .text.vListInsertEnd
                0x08008e74       0x46 ./Middlewares/Third_Party/FreeRTOS/Source/list.o
                0x08008e74                vListInsertEnd
 .text.vListInsert
                0x08008eba       0x70 ./Middlewares/Third_Party/FreeRTOS/Source/list.o
                0x08008eba                vListInsert
 .text.uxListRemove
                0x08008f2a       0x52 ./Middlewares/Third_Party/FreeRTOS/Source/list.o
                0x08008f2a                uxListRemove
 .text.xQueueGenericReset
                0x08008f7c       0xd4 ./Middlewares/Third_Party/FreeRTOS/Source/queue.o
                0x08008f7c                xQueueGenericReset
 .text.xQueueGenericCreateStatic
                0x08009050       0xfa ./Middlewares/Third_Party/FreeRTOS/Source/queue.o
                0x08009050                xQueueGenericCreateStatic
 .text.xQueueGenericCreate
                0x0800914a       0x76 ./Middlewares/Third_Party/FreeRTOS/Source/queue.o
                0x0800914a                xQueueGenericCreate
 .text.prvInitialiseNewQueue
                0x080091c0       0x3e ./Middlewares/Third_Party/FreeRTOS/Source/queue.o
 *fill*         0x080091fe        0x2 
 .text.xQueueGenericSend
                0x08009200      0x204 ./Middlewares/Third_Party/FreeRTOS/Source/queue.o
                0x08009200                xQueueGenericSend
 .text.xQueueGiveFromISR
                0x08009404      0x120 ./Middlewares/Third_Party/FreeRTOS/Source/queue.o
                0x08009404                xQueueGiveFromISR
 .text.xQueueSemaphoreTake
                0x08009524      0x220 ./Middlewares/Third_Party/FreeRTOS/Source/queue.o
                0x08009524                xQueueSemaphoreTake
 .text.xQueueReceiveFromISR
                0x08009744      0x104 ./Middlewares/Third_Party/FreeRTOS/Source/queue.o
                0x08009744                xQueueReceiveFromISR
 .text.vQueueDelete
                0x08009848       0x48 ./Middlewares/Third_Party/FreeRTOS/Source/queue.o
                0x08009848                vQueueDelete
 .text.prvGetDisinheritPriorityAfterTimeout
                0x08009890       0x2e ./Middlewares/Third_Party/FreeRTOS/Source/queue.o
 .text.prvCopyDataToQueue
                0x080098be       0xd4 ./Middlewares/Third_Party/FreeRTOS/Source/queue.o
 .text.prvCopyDataFromQueue
                0x08009992       0x4c ./Middlewares/Third_Party/FreeRTOS/Source/queue.o
 .text.prvUnlockQueue
                0x080099de       0xa4 ./Middlewares/Third_Party/FreeRTOS/Source/queue.o
 .text.prvIsQueueEmpty
                0x08009a82       0x2c ./Middlewares/Third_Party/FreeRTOS/Source/queue.o
 .text.prvIsQueueFull
                0x08009aae       0x30 ./Middlewares/Third_Party/FreeRTOS/Source/queue.o
 *fill*         0x08009ade        0x2 
 .text.vQueueUnregisterQueue
                0x08009ae0       0x54 ./Middlewares/Third_Party/FreeRTOS/Source/queue.o
                0x08009ae0                vQueueUnregisterQueue
 .text.xTaskCreateStatic
                0x08009b34       0xc0 ./Middlewares/Third_Party/FreeRTOS/Source/tasks.o
                0x08009b34                xTaskCreateStatic
 .text.xTaskCreate
                0x08009bf4       0x8a ./Middlewares/Third_Party/FreeRTOS/Source/tasks.o
                0x08009bf4                xTaskCreate
 *fill*         0x08009c7e        0x2 
 .text.prvInitialiseNewTask
                0x08009c80      0x140 ./Middlewares/Third_Party/FreeRTOS/Source/tasks.o
 .text.prvAddNewTaskToReadyList
                0x08009dc0       0xd4 ./Middlewares/Third_Party/FreeRTOS/Source/tasks.o
 .text.vTaskDelay
                0x08009e94       0x6c ./Middlewares/Third_Party/FreeRTOS/Source/tasks.o
                0x08009e94                vTaskDelay
 .text.vTaskStartScheduler
                0x08009f00       0xd4 ./Middlewares/Third_Party/FreeRTOS/Source/tasks.o
                0x08009f00                vTaskStartScheduler
 .text.vTaskSuspendAll
                0x08009fd4       0x1c ./Middlewares/Third_Party/FreeRTOS/Source/tasks.o
                0x08009fd4                vTaskSuspendAll
 .text.xTaskResumeAll
                0x08009ff0      0x13c ./Middlewares/Third_Party/FreeRTOS/Source/tasks.o
                0x08009ff0                xTaskResumeAll
 .text.xTaskIncrementTick
                0x0800a12c      0x174 ./Middlewares/Third_Party/FreeRTOS/Source/tasks.o
                0x0800a12c                xTaskIncrementTick
 .text.vTaskSwitchContext
                0x0800a2a0       0xc4 ./Middlewares/Third_Party/FreeRTOS/Source/tasks.o
                0x0800a2a0                vTaskSwitchContext
 .text.vTaskPlaceOnEventList
                0x0800a364       0x4c ./Middlewares/Third_Party/FreeRTOS/Source/tasks.o
                0x0800a364                vTaskPlaceOnEventList
 .text.xTaskRemoveFromEventList
                0x0800a3b0       0xc8 ./Middlewares/Third_Party/FreeRTOS/Source/tasks.o
                0x0800a3b0                xTaskRemoveFromEventList
 .text.vTaskInternalSetTimeOutState
                0x0800a478       0x2c ./Middlewares/Third_Party/FreeRTOS/Source/tasks.o
                0x0800a478                vTaskInternalSetTimeOutState
 .text.xTaskCheckForTimeOut
                0x0800a4a4       0xc8 ./Middlewares/Third_Party/FreeRTOS/Source/tasks.o
                0x0800a4a4                xTaskCheckForTimeOut
 .text.vTaskMissedYield
                0x0800a56c       0x18 ./Middlewares/Third_Party/FreeRTOS/Source/tasks.o
                0x0800a56c                vTaskMissedYield
 .text.prvIdleTask
                0x0800a584       0x30 ./Middlewares/Third_Party/FreeRTOS/Source/tasks.o
 .text.prvInitialiseTaskLists
                0x0800a5b4       0x80 ./Middlewares/Third_Party/FreeRTOS/Source/tasks.o
 .text.prvCheckTasksWaitingTermination
                0x0800a634       0x5c ./Middlewares/Third_Party/FreeRTOS/Source/tasks.o
 .text.prvDeleteTCB
                0x0800a690       0x6a ./Middlewares/Third_Party/FreeRTOS/Source/tasks.o
 *fill*         0x0800a6fa        0x2 
 .text.prvResetNextTaskUnblockTime
                0x0800a6fc       0x40 ./Middlewares/Third_Party/FreeRTOS/Source/tasks.o
 .text.xTaskGetSchedulerState
                0x0800a73c       0x3c ./Middlewares/Third_Party/FreeRTOS/Source/tasks.o
                0x0800a73c                xTaskGetSchedulerState
 .text.xTaskPriorityInherit
                0x0800a778       0xec ./Middlewares/Third_Party/FreeRTOS/Source/tasks.o
                0x0800a778                xTaskPriorityInherit
 .text.xTaskPriorityDisinherit
                0x0800a864      0x110 ./Middlewares/Third_Party/FreeRTOS/Source/tasks.o
                0x0800a864                xTaskPriorityDisinherit
 .text.vTaskPriorityDisinheritAfterTimeout
                0x0800a974      0x120 ./Middlewares/Third_Party/FreeRTOS/Source/tasks.o
                0x0800a974                vTaskPriorityDisinheritAfterTimeout
 .text.pvTaskIncrementMutexHeldCount
                0x0800aa94       0x28 ./Middlewares/Third_Party/FreeRTOS/Source/tasks.o
                0x0800aa94                pvTaskIncrementMutexHeldCount
 .text.prvAddCurrentTaskToDelayedList
                0x0800aabc       0xcc ./Middlewares/Third_Party/FreeRTOS/Source/tasks.o
 .text.pxPortInitialiseStack
                0x0800ab88       0x58 ./Middlewares/Third_Party/FreeRTOS/Source/portable/GCC/ARM_CM3/port.o
                0x0800ab88                pxPortInitialiseStack
 .text.prvTaskExitError
                0x0800abe0       0x58 ./Middlewares/Third_Party/FreeRTOS/Source/portable/GCC/ARM_CM3/port.o
 *fill*         0x0800ac38        0x8 
 .text.SVC_Handler
                0x0800ac40       0x28 ./Middlewares/Third_Party/FreeRTOS/Source/portable/GCC/ARM_CM3/port.o
                0x0800ac40                SVC_Handler
 .text.prvPortStartFirstTask
                0x0800ac68       0x20 ./Middlewares/Third_Party/FreeRTOS/Source/portable/GCC/ARM_CM3/port.o
 .text.xPortStartScheduler
                0x0800ac88       0xe4 ./Middlewares/Third_Party/FreeRTOS/Source/portable/GCC/ARM_CM3/port.o
                0x0800ac88                xPortStartScheduler
 .text.vPortEnterCritical
                0x0800ad6c       0x60 ./Middlewares/Third_Party/FreeRTOS/Source/portable/GCC/ARM_CM3/port.o
                0x0800ad6c                vPortEnterCritical
 .text.vPortExitCritical
                0x0800adcc       0x54 ./Middlewares/Third_Party/FreeRTOS/Source/portable/GCC/ARM_CM3/port.o
                0x0800adcc                vPortExitCritical
 .text.PendSV_Handler
                0x0800ae20       0x48 ./Middlewares/Third_Party/FreeRTOS/Source/portable/GCC/ARM_CM3/port.o
                0x0800ae20                PendSV_Handler
 .text.SysTick_Handler
                0x0800ae68       0x44 ./Middlewares/Third_Party/FreeRTOS/Source/portable/GCC/ARM_CM3/port.o
                0x0800ae68                SysTick_Handler
 .text.vPortSetupTimerInterrupt
                0x0800aeac       0x44 ./Middlewares/Third_Party/FreeRTOS/Source/portable/GCC/ARM_CM3/port.o
                0x0800aeac                vPortSetupTimerInterrupt
 .text.vPortValidateInterruptPriority
                0x0800aef0       0x80 ./Middlewares/Third_Party/FreeRTOS/Source/portable/GCC/ARM_CM3/port.o
                0x0800aef0                vPortValidateInterruptPriority
 .text.pvPortMalloc
                0x0800af70      0x19c ./Middlewares/Third_Party/FreeRTOS/Source/portable/MemMang/heap_4.o
                0x0800af70                pvPortMalloc
 .text.vPortFree
                0x0800b10c       0xc8 ./Middlewares/Third_Party/FreeRTOS/Source/portable/MemMang/heap_4.o
                0x0800b10c                vPortFree
 .text.prvHeapInit
                0x0800b1d4       0xc4 ./Middlewares/Third_Party/FreeRTOS/Source/portable/MemMang/heap_4.o
 .text.prvInsertBlockIntoFreeList
                0x0800b298       0xb0 ./Middlewares/Third_Party/FreeRTOS/Source/portable/MemMang/heap_4.o
 .text.atoi     0x0800b348        0x8 C:/ST/STM32CubeIDE_1.18.0/STM32CubeIDE/plugins/com.st.stm32cube.ide.mcu.externaltools.gnu-tools-for-stm32.13.3.rel1.win32_1.0.0.202411081344/tools/bin/../lib/gcc/arm-none-eabi/13.3.1/../../../../arm-none-eabi/lib/thumb/v7-m/nofp\libc_nano.a(libc_a-atoi.o)
                0x0800b348                atoi
 .text._strtol_l.isra.0
                0x0800b350       0xf4 C:/ST/STM32CubeIDE_1.18.0/STM32CubeIDE/plugins/com.st.stm32cube.ide.mcu.externaltools.gnu-tools-for-stm32.13.3.rel1.win32_1.0.0.202411081344/tools/bin/../lib/gcc/arm-none-eabi/13.3.1/../../../../arm-none-eabi/lib/thumb/v7-m/nofp\libc_nano.a(libc_a-strtol.o)
 .text.strtol   0x0800b444       0x14 C:/ST/STM32CubeIDE_1.18.0/STM32CubeIDE/plugins/com.st.stm32cube.ide.mcu.externaltools.gnu-tools-for-stm32.13.3.rel1.win32_1.0.0.202411081344/tools/bin/../lib/gcc/arm-none-eabi/13.3.1/../../../../arm-none-eabi/lib/thumb/v7-m/nofp\libc_nano.a(libc_a-strtol.o)
                0x0800b444                strtol
 .text.__cvt    0x0800b458       0xc8 C:/ST/STM32CubeIDE_1.18.0/STM32CubeIDE/plugins/com.st.stm32cube.ide.mcu.externaltools.gnu-tools-for-stm32.13.3.rel1.win32_1.0.0.202411081344/tools/bin/../lib/gcc/arm-none-eabi/13.3.1/../../../../arm-none-eabi/lib/thumb/v7-m/nofp\libc_nano.a(libc_a-nano-vfprintf_float.o)
                0x0800b458                __cvt
 .text.__exponent
                0x0800b520       0x74 C:/ST/STM32CubeIDE_1.18.0/STM32CubeIDE/plugins/com.st.stm32cube.ide.mcu.externaltools.gnu-tools-for-stm32.13.3.rel1.win32_1.0.0.202411081344/tools/bin/../lib/gcc/arm-none-eabi/13.3.1/../../../../arm-none-eabi/lib/thumb/v7-m/nofp\libc_nano.a(libc_a-nano-vfprintf_float.o)
                0x0800b520                __exponent
 .text._printf_float
                0x0800b594      0x458 C:/ST/STM32CubeIDE_1.18.0/STM32CubeIDE/plugins/com.st.stm32cube.ide.mcu.externaltools.gnu-tools-for-stm32.13.3.rel1.win32_1.0.0.202411081344/tools/bin/../lib/gcc/arm-none-eabi/13.3.1/../../../../arm-none-eabi/lib/thumb/v7-m/nofp\libc_nano.a(libc_a-nano-vfprintf_float.o)
                0x0800b594                _printf_float
 .text._printf_common
                0x0800b9ec       0xe4 C:/ST/STM32CubeIDE_1.18.0/STM32CubeIDE/plugins/com.st.stm32cube.ide.mcu.externaltools.gnu-tools-for-stm32.13.3.rel1.win32_1.0.0.202411081344/tools/bin/../lib/gcc/arm-none-eabi/13.3.1/../../../../arm-none-eabi/lib/thumb/v7-m/nofp\libc_nano.a(libc_a-nano-vfprintf_i.o)
                0x0800b9ec                _printf_common
 .text._printf_i
                0x0800bad0      0x23c C:/ST/STM32CubeIDE_1.18.0/STM32CubeIDE/plugins/com.st.stm32cube.ide.mcu.externaltools.gnu-tools-for-stm32.13.3.rel1.win32_1.0.0.202411081344/tools/bin/../lib/gcc/arm-none-eabi/13.3.1/../../../../arm-none-eabi/lib/thumb/v7-m/nofp\libc_nano.a(libc_a-nano-vfprintf_i.o)
                0x0800bad0                _printf_i
 .text.std      0x0800bd0c       0x6c C:/ST/STM32CubeIDE_1.18.0/STM32CubeIDE/plugins/com.st.stm32cube.ide.mcu.externaltools.gnu-tools-for-stm32.13.3.rel1.win32_1.0.0.202411081344/tools/bin/../lib/gcc/arm-none-eabi/13.3.1/../../../../arm-none-eabi/lib/thumb/v7-m/nofp\libc_nano.a(libc_a-findfp.o)
 .text.stdio_exit_handler
                0x0800bd78       0x18 C:/ST/STM32CubeIDE_1.18.0/STM32CubeIDE/plugins/com.st.stm32cube.ide.mcu.externaltools.gnu-tools-for-stm32.13.3.rel1.win32_1.0.0.202411081344/tools/bin/../lib/gcc/arm-none-eabi/13.3.1/../../../../arm-none-eabi/lib/thumb/v7-m/nofp\libc_nano.a(libc_a-findfp.o)
 .text.cleanup_stdio
                0x0800bd90       0x40 C:/ST/STM32CubeIDE_1.18.0/STM32CubeIDE/plugins/com.st.stm32cube.ide.mcu.externaltools.gnu-tools-for-stm32.13.3.rel1.win32_1.0.0.202411081344/tools/bin/../lib/gcc/arm-none-eabi/13.3.1/../../../../arm-none-eabi/lib/thumb/v7-m/nofp\libc_nano.a(libc_a-findfp.o)
 .text.global_stdio_init.part.0
                0x0800bdd0       0x3c C:/ST/STM32CubeIDE_1.18.0/STM32CubeIDE/plugins/com.st.stm32cube.ide.mcu.externaltools.gnu-tools-for-stm32.13.3.rel1.win32_1.0.0.202411081344/tools/bin/../lib/gcc/arm-none-eabi/13.3.1/../../../../arm-none-eabi/lib/thumb/v7-m/nofp\libc_nano.a(libc_a-findfp.o)
 .text.__sfp_lock_acquire
                0x0800be0c        0xc C:/ST/STM32CubeIDE_1.18.0/STM32CubeIDE/plugins/com.st.stm32cube.ide.mcu.externaltools.gnu-tools-for-stm32.13.3.rel1.win32_1.0.0.202411081344/tools/bin/../lib/gcc/arm-none-eabi/13.3.1/../../../../arm-none-eabi/lib/thumb/v7-m/nofp\libc_nano.a(libc_a-findfp.o)
                0x0800be0c                __sfp_lock_acquire
 .text.__sfp_lock_release
                0x0800be18        0xc C:/ST/STM32CubeIDE_1.18.0/STM32CubeIDE/plugins/com.st.stm32cube.ide.mcu.externaltools.gnu-tools-for-stm32.13.3.rel1.win32_1.0.0.202411081344/tools/bin/../lib/gcc/arm-none-eabi/13.3.1/../../../../arm-none-eabi/lib/thumb/v7-m/nofp\libc_nano.a(libc_a-findfp.o)
                0x0800be18                __sfp_lock_release
 .text.__sinit  0x0800be24       0x30 C:/ST/STM32CubeIDE_1.18.0/STM32CubeIDE/plugins/com.st.stm32cube.ide.mcu.externaltools.gnu-tools-for-stm32.13.3.rel1.win32_1.0.0.202411081344/tools/bin/../lib/gcc/arm-none-eabi/13.3.1/../../../../arm-none-eabi/lib/thumb/v7-m/nofp\libc_nano.a(libc_a-findfp.o)
                0x0800be24                __sinit
 .text._fwalk_sglue
                0x0800be54       0x3c C:/ST/STM32CubeIDE_1.18.0/STM32CubeIDE/plugins/com.st.stm32cube.ide.mcu.externaltools.gnu-tools-for-stm32.13.3.rel1.win32_1.0.0.202411081344/tools/bin/../lib/gcc/arm-none-eabi/13.3.1/../../../../arm-none-eabi/lib/thumb/v7-m/nofp\libc_nano.a(libc_a-fwalk.o)
                0x0800be54                _fwalk_sglue
 .text.sprintf  0x0800be90       0x44 C:/ST/STM32CubeIDE_1.18.0/STM32CubeIDE/plugins/com.st.stm32cube.ide.mcu.externaltools.gnu-tools-for-stm32.13.3.rel1.win32_1.0.0.202411081344/tools/bin/../lib/gcc/arm-none-eabi/13.3.1/../../../../arm-none-eabi/lib/thumb/v7-m/nofp\libc_nano.a(libc_a-sprintf.o)
                0x0800be90                siprintf
                0x0800be90                sprintf
 .text.__sread  0x0800bed4       0x22 C:/ST/STM32CubeIDE_1.18.0/STM32CubeIDE/plugins/com.st.stm32cube.ide.mcu.externaltools.gnu-tools-for-stm32.13.3.rel1.win32_1.0.0.202411081344/tools/bin/../lib/gcc/arm-none-eabi/13.3.1/../../../../arm-none-eabi/lib/thumb/v7-m/nofp\libc_nano.a(libc_a-stdio.o)
                0x0800bed4                __sread
 .text.__swrite
                0x0800bef6       0x38 C:/ST/STM32CubeIDE_1.18.0/STM32CubeIDE/plugins/com.st.stm32cube.ide.mcu.externaltools.gnu-tools-for-stm32.13.3.rel1.win32_1.0.0.202411081344/tools/bin/../lib/gcc/arm-none-eabi/13.3.1/../../../../arm-none-eabi/lib/thumb/v7-m/nofp\libc_nano.a(libc_a-stdio.o)
                0x0800bef6                __swrite
 .text.__sseek  0x0800bf2e       0x24 C:/ST/STM32CubeIDE_1.18.0/STM32CubeIDE/plugins/com.st.stm32cube.ide.mcu.externaltools.gnu-tools-for-stm32.13.3.rel1.win32_1.0.0.202411081344/tools/bin/../lib/gcc/arm-none-eabi/13.3.1/../../../../arm-none-eabi/lib/thumb/v7-m/nofp\libc_nano.a(libc_a-stdio.o)
                0x0800bf2e                __sseek
 .text.__sclose
                0x0800bf52        0x8 C:/ST/STM32CubeIDE_1.18.0/STM32CubeIDE/plugins/com.st.stm32cube.ide.mcu.externaltools.gnu-tools-for-stm32.13.3.rel1.win32_1.0.0.202411081344/tools/bin/../lib/gcc/arm-none-eabi/13.3.1/../../../../arm-none-eabi/lib/thumb/v7-m/nofp\libc_nano.a(libc_a-stdio.o)
                0x0800bf52                __sclose
 .text.memset   0x0800bf5a       0x10 C:/ST/STM32CubeIDE_1.18.0/STM32CubeIDE/plugins/com.st.stm32cube.ide.mcu.externaltools.gnu-tools-for-stm32.13.3.rel1.win32_1.0.0.202411081344/tools/bin/../lib/gcc/arm-none-eabi/13.3.1/../../../../arm-none-eabi/lib/thumb/v7-m/nofp\libc_nano.a(libc_a-memset.o)
                0x0800bf5a                memset
 *fill*         0x0800bf6a        0x2 
 .text._localeconv_r
                0x0800bf6c        0x8 C:/ST/STM32CubeIDE_1.18.0/STM32CubeIDE/plugins/com.st.stm32cube.ide.mcu.externaltools.gnu-tools-for-stm32.13.3.rel1.win32_1.0.0.202411081344/tools/bin/../lib/gcc/arm-none-eabi/13.3.1/../../../../arm-none-eabi/lib/thumb/v7-m/nofp\libc_nano.a(libc_a-localeconv.o)
                0x0800bf6c                _localeconv_r
 .text._close_r
                0x0800bf74       0x20 C:/ST/STM32CubeIDE_1.18.0/STM32CubeIDE/plugins/com.st.stm32cube.ide.mcu.externaltools.gnu-tools-for-stm32.13.3.rel1.win32_1.0.0.202411081344/tools/bin/../lib/gcc/arm-none-eabi/13.3.1/../../../../arm-none-eabi/lib/thumb/v7-m/nofp\libc_nano.a(libc_a-closer.o)
                0x0800bf74                _close_r
 .text._reclaim_reent
                0x0800bf94       0xbc C:/ST/STM32CubeIDE_1.18.0/STM32CubeIDE/plugins/com.st.stm32cube.ide.mcu.externaltools.gnu-tools-for-stm32.13.3.rel1.win32_1.0.0.202411081344/tools/bin/../lib/gcc/arm-none-eabi/13.3.1/../../../../arm-none-eabi/lib/thumb/v7-m/nofp\libc_nano.a(libc_a-reent.o)
                0x0800bf94                _reclaim_reent
 .text._lseek_r
                0x0800c050       0x24 C:/ST/STM32CubeIDE_1.18.0/STM32CubeIDE/plugins/com.st.stm32cube.ide.mcu.externaltools.gnu-tools-for-stm32.13.3.rel1.win32_1.0.0.202411081344/tools/bin/../lib/gcc/arm-none-eabi/13.3.1/../../../../arm-none-eabi/lib/thumb/v7-m/nofp\libc_nano.a(libc_a-lseekr.o)
                0x0800c050                _lseek_r
 .text._read_r  0x0800c074       0x24 C:/ST/STM32CubeIDE_1.18.0/STM32CubeIDE/plugins/com.st.stm32cube.ide.mcu.externaltools.gnu-tools-for-stm32.13.3.rel1.win32_1.0.0.202411081344/tools/bin/../lib/gcc/arm-none-eabi/13.3.1/../../../../arm-none-eabi/lib/thumb/v7-m/nofp\libc_nano.a(libc_a-readr.o)
                0x0800c074                _read_r
 .text._write_r
                0x0800c098       0x24 C:/ST/STM32CubeIDE_1.18.0/STM32CubeIDE/plugins/com.st.stm32cube.ide.mcu.externaltools.gnu-tools-for-stm32.13.3.rel1.win32_1.0.0.202411081344/tools/bin/../lib/gcc/arm-none-eabi/13.3.1/../../../../arm-none-eabi/lib/thumb/v7-m/nofp\libc_nano.a(libc_a-writer.o)
                0x0800c098                _write_r
 .text.__errno  0x0800c0bc        0xc C:/ST/STM32CubeIDE_1.18.0/STM32CubeIDE/plugins/com.st.stm32cube.ide.mcu.externaltools.gnu-tools-for-stm32.13.3.rel1.win32_1.0.0.202411081344/tools/bin/../lib/gcc/arm-none-eabi/13.3.1/../../../../arm-none-eabi/lib/thumb/v7-m/nofp\libc_nano.a(libc_a-errno.o)
                0x0800c0bc                __errno
 .text.__libc_init_array
                0x0800c0c8       0x48 C:/ST/STM32CubeIDE_1.18.0/STM32CubeIDE/plugins/com.st.stm32cube.ide.mcu.externaltools.gnu-tools-for-stm32.13.3.rel1.win32_1.0.0.202411081344/tools/bin/../lib/gcc/arm-none-eabi/13.3.1/../../../../arm-none-eabi/lib/thumb/v7-m/nofp\libc_nano.a(libc_a-init.o)
                0x0800c0c8                __libc_init_array
 .text.__retarget_lock_init_recursive
                0x0800c110        0x2 C:/ST/STM32CubeIDE_1.18.0/STM32CubeIDE/plugins/com.st.stm32cube.ide.mcu.externaltools.gnu-tools-for-stm32.13.3.rel1.win32_1.0.0.202411081344/tools/bin/../lib/gcc/arm-none-eabi/13.3.1/../../../../arm-none-eabi/lib/thumb/v7-m/nofp\libc_nano.a(libc_a-lock.o)
                0x0800c110                __retarget_lock_init_recursive
 .text.__retarget_lock_acquire_recursive
                0x0800c112        0x2 C:/ST/STM32CubeIDE_1.18.0/STM32CubeIDE/plugins/com.st.stm32cube.ide.mcu.externaltools.gnu-tools-for-stm32.13.3.rel1.win32_1.0.0.202411081344/tools/bin/../lib/gcc/arm-none-eabi/13.3.1/../../../../arm-none-eabi/lib/thumb/v7-m/nofp\libc_nano.a(libc_a-lock.o)
                0x0800c112                __retarget_lock_acquire_recursive
 .text.__retarget_lock_release_recursive
                0x0800c114        0x2 C:/ST/STM32CubeIDE_1.18.0/STM32CubeIDE/plugins/com.st.stm32cube.ide.mcu.externaltools.gnu-tools-for-stm32.13.3.rel1.win32_1.0.0.202411081344/tools/bin/../lib/gcc/arm-none-eabi/13.3.1/../../../../arm-none-eabi/lib/thumb/v7-m/nofp\libc_nano.a(libc_a-lock.o)
                0x0800c114                __retarget_lock_release_recursive
 .text.memchr   0x0800c116       0x1c C:/ST/STM32CubeIDE_1.18.0/STM32CubeIDE/plugins/com.st.stm32cube.ide.mcu.externaltools.gnu-tools-for-stm32.13.3.rel1.win32_1.0.0.202411081344/tools/bin/../lib/gcc/arm-none-eabi/13.3.1/../../../../arm-none-eabi/lib/thumb/v7-m/nofp\libc_nano.a(libc_a-memchr-stub.o)
                0x0800c116                memchr
 .text.memcpy   0x0800c132       0x1c C:/ST/STM32CubeIDE_1.18.0/STM32CubeIDE/plugins/com.st.stm32cube.ide.mcu.externaltools.gnu-tools-for-stm32.13.3.rel1.win32_1.0.0.202411081344/tools/bin/../lib/gcc/arm-none-eabi/13.3.1/../../../../arm-none-eabi/lib/thumb/v7-m/nofp\libc_nano.a(libc_a-memcpy-stub.o)
                0x0800c132                memcpy
 .text.quorem   0x0800c14e      0x110 C:/ST/STM32CubeIDE_1.18.0/STM32CubeIDE/plugins/com.st.stm32cube.ide.mcu.externaltools.gnu-tools-for-stm32.13.3.rel1.win32_1.0.0.202411081344/tools/bin/../lib/gcc/arm-none-eabi/13.3.1/../../../../arm-none-eabi/lib/thumb/v7-m/nofp\libc_nano.a(libc_a-dtoa.o)
 *fill*         0x0800c25e        0x2 
 .text._dtoa_r  0x0800c260      0xba8 C:/ST/STM32CubeIDE_1.18.0/STM32CubeIDE/plugins/com.st.stm32cube.ide.mcu.externaltools.gnu-tools-for-stm32.13.3.rel1.win32_1.0.0.202411081344/tools/bin/../lib/gcc/arm-none-eabi/13.3.1/../../../../arm-none-eabi/lib/thumb/v7-m/nofp\libc_nano.a(libc_a-dtoa.o)
                0x0800c260                _dtoa_r
 .text._free_r  0x0800ce08       0x90 C:/ST/STM32CubeIDE_1.18.0/STM32CubeIDE/plugins/com.st.stm32cube.ide.mcu.externaltools.gnu-tools-for-stm32.13.3.rel1.win32_1.0.0.202411081344/tools/bin/../lib/gcc/arm-none-eabi/13.3.1/../../../../arm-none-eabi/lib/thumb/v7-m/nofp\libc_nano.a(libc_a-freer.o)
                0x0800ce08                _free_r
 .text.malloc   0x0800ce98       0x10 C:/ST/STM32CubeIDE_1.18.0/STM32CubeIDE/plugins/com.st.stm32cube.ide.mcu.externaltools.gnu-tools-for-stm32.13.3.rel1.win32_1.0.0.202411081344/tools/bin/../lib/gcc/arm-none-eabi/13.3.1/../../../../arm-none-eabi/lib/thumb/v7-m/nofp\libc_nano.a(libc_a-malloc.o)
                0x0800ce98                malloc
 .text.sbrk_aligned
                0x0800cea8       0x44 C:/ST/STM32CubeIDE_1.18.0/STM32CubeIDE/plugins/com.st.stm32cube.ide.mcu.externaltools.gnu-tools-for-stm32.13.3.rel1.win32_1.0.0.202411081344/tools/bin/../lib/gcc/arm-none-eabi/13.3.1/../../../../arm-none-eabi/lib/thumb/v7-m/nofp\libc_nano.a(libc_a-mallocr.o)
 .text._malloc_r
                0x0800ceec      0x100 C:/ST/STM32CubeIDE_1.18.0/STM32CubeIDE/plugins/com.st.stm32cube.ide.mcu.externaltools.gnu-tools-for-stm32.13.3.rel1.win32_1.0.0.202411081344/tools/bin/../lib/gcc/arm-none-eabi/13.3.1/../../../../arm-none-eabi/lib/thumb/v7-m/nofp\libc_nano.a(libc_a-mallocr.o)
                0x0800ceec                _malloc_r
 .text.__malloc_lock
                0x0800cfec        0xc C:/ST/STM32CubeIDE_1.18.0/STM32CubeIDE/plugins/com.st.stm32cube.ide.mcu.externaltools.gnu-tools-for-stm32.13.3.rel1.win32_1.0.0.202411081344/tools/bin/../lib/gcc/arm-none-eabi/13.3.1/../../../../arm-none-eabi/lib/thumb/v7-m/nofp\libc_nano.a(libc_a-mlock.o)
                0x0800cfec                __malloc_lock
 .text.__malloc_unlock
                0x0800cff8        0xc C:/ST/STM32CubeIDE_1.18.0/STM32CubeIDE/plugins/com.st.stm32cube.ide.mcu.externaltools.gnu-tools-for-stm32.13.3.rel1.win32_1.0.0.202411081344/tools/bin/../lib/gcc/arm-none-eabi/13.3.1/../../../../arm-none-eabi/lib/thumb/v7-m/nofp\libc_nano.a(libc_a-mlock.o)
                0x0800cff8                __malloc_unlock
 .text._Balloc  0x0800d004       0x80 C:/ST/STM32CubeIDE_1.18.0/STM32CubeIDE/plugins/com.st.stm32cube.ide.mcu.externaltools.gnu-tools-for-stm32.13.3.rel1.win32_1.0.0.202411081344/tools/bin/../lib/gcc/arm-none-eabi/13.3.1/../../../../arm-none-eabi/lib/thumb/v7-m/nofp\libc_nano.a(libc_a-mprec.o)
                0x0800d004                _Balloc
 .text._Bfree   0x0800d084       0x44 C:/ST/STM32CubeIDE_1.18.0/STM32CubeIDE/plugins/com.st.stm32cube.ide.mcu.externaltools.gnu-tools-for-stm32.13.3.rel1.win32_1.0.0.202411081344/tools/bin/../lib/gcc/arm-none-eabi/13.3.1/../../../../arm-none-eabi/lib/thumb/v7-m/nofp\libc_nano.a(libc_a-mprec.o)
                0x0800d084                _Bfree
 .text.__multadd
                0x0800d0c8       0x8c C:/ST/STM32CubeIDE_1.18.0/STM32CubeIDE/plugins/com.st.stm32cube.ide.mcu.externaltools.gnu-tools-for-stm32.13.3.rel1.win32_1.0.0.202411081344/tools/bin/../lib/gcc/arm-none-eabi/13.3.1/../../../../arm-none-eabi/lib/thumb/v7-m/nofp\libc_nano.a(libc_a-mprec.o)
                0x0800d0c8                __multadd
 .text.__hi0bits
                0x0800d154       0x3e C:/ST/STM32CubeIDE_1.18.0/STM32CubeIDE/plugins/com.st.stm32cube.ide.mcu.externaltools.gnu-tools-for-stm32.13.3.rel1.win32_1.0.0.202411081344/tools/bin/../lib/gcc/arm-none-eabi/13.3.1/../../../../arm-none-eabi/lib/thumb/v7-m/nofp\libc_nano.a(libc_a-mprec.o)
                0x0800d154                __hi0bits
 .text.__lo0bits
                0x0800d192       0x5a C:/ST/STM32CubeIDE_1.18.0/STM32CubeIDE/plugins/com.st.stm32cube.ide.mcu.externaltools.gnu-tools-for-stm32.13.3.rel1.win32_1.0.0.202411081344/tools/bin/../lib/gcc/arm-none-eabi/13.3.1/../../../../arm-none-eabi/lib/thumb/v7-m/nofp\libc_nano.a(libc_a-mprec.o)
                0x0800d192                __lo0bits
 .text.__i2b    0x0800d1ec       0x2c C:/ST/STM32CubeIDE_1.18.0/STM32CubeIDE/plugins/com.st.stm32cube.ide.mcu.externaltools.gnu-tools-for-stm32.13.3.rel1.win32_1.0.0.202411081344/tools/bin/../lib/gcc/arm-none-eabi/13.3.1/../../../../arm-none-eabi/lib/thumb/v7-m/nofp\libc_nano.a(libc_a-mprec.o)
                0x0800d1ec                __i2b
 .text.__multiply
                0x0800d218      0x144 C:/ST/STM32CubeIDE_1.18.0/STM32CubeIDE/plugins/com.st.stm32cube.ide.mcu.externaltools.gnu-tools-for-stm32.13.3.rel1.win32_1.0.0.202411081344/tools/bin/../lib/gcc/arm-none-eabi/13.3.1/../../../../arm-none-eabi/lib/thumb/v7-m/nofp\libc_nano.a(libc_a-mprec.o)
                0x0800d218                __multiply
 .text.__pow5mult
                0x0800d35c       0xb4 C:/ST/STM32CubeIDE_1.18.0/STM32CubeIDE/plugins/com.st.stm32cube.ide.mcu.externaltools.gnu-tools-for-stm32.13.3.rel1.win32_1.0.0.202411081344/tools/bin/../lib/gcc/arm-none-eabi/13.3.1/../../../../arm-none-eabi/lib/thumb/v7-m/nofp\libc_nano.a(libc_a-mprec.o)
                0x0800d35c                __pow5mult
 .text.__lshift
                0x0800d410       0xd8 C:/ST/STM32CubeIDE_1.18.0/STM32CubeIDE/plugins/com.st.stm32cube.ide.mcu.externaltools.gnu-tools-for-stm32.13.3.rel1.win32_1.0.0.202411081344/tools/bin/../lib/gcc/arm-none-eabi/13.3.1/../../../../arm-none-eabi/lib/thumb/v7-m/nofp\libc_nano.a(libc_a-mprec.o)
                0x0800d410                __lshift
 .text.__mcmp   0x0800d4e8       0x36 C:/ST/STM32CubeIDE_1.18.0/STM32CubeIDE/plugins/com.st.stm32cube.ide.mcu.externaltools.gnu-tools-for-stm32.13.3.rel1.win32_1.0.0.202411081344/tools/bin/../lib/gcc/arm-none-eabi/13.3.1/../../../../arm-none-eabi/lib/thumb/v7-m/nofp\libc_nano.a(libc_a-mprec.o)
                0x0800d4e8                __mcmp
 *fill*         0x0800d51e        0x2 
 .text.__mdiff  0x0800d520      0x128 C:/ST/STM32CubeIDE_1.18.0/STM32CubeIDE/plugins/com.st.stm32cube.ide.mcu.externaltools.gnu-tools-for-stm32.13.3.rel1.win32_1.0.0.202411081344/tools/bin/../lib/gcc/arm-none-eabi/13.3.1/../../../../arm-none-eabi/lib/thumb/v7-m/nofp\libc_nano.a(libc_a-mprec.o)
                0x0800d520                __mdiff
 .text.__d2b    0x0800d648       0xb0 C:/ST/STM32CubeIDE_1.18.0/STM32CubeIDE/plugins/com.st.stm32cube.ide.mcu.externaltools.gnu-tools-for-stm32.13.3.rel1.win32_1.0.0.202411081344/tools/bin/../lib/gcc/arm-none-eabi/13.3.1/../../../../arm-none-eabi/lib/thumb/v7-m/nofp\libc_nano.a(libc_a-mprec.o)
                0x0800d648                __d2b
 .text.__ssputs_r
                0x0800d6f8       0xb6 C:/ST/STM32CubeIDE_1.18.0/STM32CubeIDE/plugins/com.st.stm32cube.ide.mcu.externaltools.gnu-tools-for-stm32.13.3.rel1.win32_1.0.0.202411081344/tools/bin/../lib/gcc/arm-none-eabi/13.3.1/../../../../arm-none-eabi/lib/thumb/v7-m/nofp\libc_nano.a(libc_a-nano-svfprintf.o)
                0x0800d6f8                __ssputs_r
 *fill*         0x0800d7ae        0x2 
 .text._svfprintf_r
                0x0800d7b0      0x1f8 C:/ST/STM32CubeIDE_1.18.0/STM32CubeIDE/plugins/com.st.stm32cube.ide.mcu.externaltools.gnu-tools-for-stm32.13.3.rel1.win32_1.0.0.202411081344/tools/bin/../lib/gcc/arm-none-eabi/13.3.1/../../../../arm-none-eabi/lib/thumb/v7-m/nofp\libc_nano.a(libc_a-nano-svfprintf.o)
                0x0800d7b0                _svfiprintf_r
                0x0800d7b0                _svfprintf_r
 .text.__sflush_r
                0x0800d9a8      0x100 C:/ST/STM32CubeIDE_1.18.0/STM32CubeIDE/plugins/com.st.stm32cube.ide.mcu.externaltools.gnu-tools-for-stm32.13.3.rel1.win32_1.0.0.202411081344/tools/bin/../lib/gcc/arm-none-eabi/13.3.1/../../../../arm-none-eabi/lib/thumb/v7-m/nofp\libc_nano.a(libc_a-fflush.o)
                0x0800d9a8                __sflush_r
 .text._fflush_r
                0x0800daa8       0x50 C:/ST/STM32CubeIDE_1.18.0/STM32CubeIDE/plugins/com.st.stm32cube.ide.mcu.externaltools.gnu-tools-for-stm32.13.3.rel1.win32_1.0.0.202411081344/tools/bin/../lib/gcc/arm-none-eabi/13.3.1/../../../../arm-none-eabi/lib/thumb/v7-m/nofp\libc_nano.a(libc_a-fflush.o)
                0x0800daa8                _fflush_r
 .text.memmove  0x0800daf8       0x34 C:/ST/STM32CubeIDE_1.18.0/STM32CubeIDE/plugins/com.st.stm32cube.ide.mcu.externaltools.gnu-tools-for-stm32.13.3.rel1.win32_1.0.0.202411081344/tools/bin/../lib/gcc/arm-none-eabi/13.3.1/../../../../arm-none-eabi/lib/thumb/v7-m/nofp\libc_nano.a(libc_a-memmove.o)
                0x0800daf8                memmove
 .text._sbrk_r  0x0800db2c       0x20 C:/ST/STM32CubeIDE_1.18.0/STM32CubeIDE/plugins/com.st.stm32cube.ide.mcu.externaltools.gnu-tools-for-stm32.13.3.rel1.win32_1.0.0.202411081344/tools/bin/../lib/gcc/arm-none-eabi/13.3.1/../../../../arm-none-eabi/lib/thumb/v7-m/nofp\libc_nano.a(libc_a-sbrkr.o)
                0x0800db2c                _sbrk_r
 .text.__assert_func
                0x0800db4c       0x3c C:/ST/STM32CubeIDE_1.18.0/STM32CubeIDE/plugins/com.st.stm32cube.ide.mcu.externaltools.gnu-tools-for-stm32.13.3.rel1.win32_1.0.0.202411081344/tools/bin/../lib/gcc/arm-none-eabi/13.3.1/../../../../arm-none-eabi/lib/thumb/v7-m/nofp\libc_nano.a(libc_a-assert.o)
                0x0800db4c                __assert_func
 .text._calloc_r
                0x0800db88       0x28 C:/ST/STM32CubeIDE_1.18.0/STM32CubeIDE/plugins/com.st.stm32cube.ide.mcu.externaltools.gnu-tools-for-stm32.13.3.rel1.win32_1.0.0.202411081344/tools/bin/../lib/gcc/arm-none-eabi/13.3.1/../../../../arm-none-eabi/lib/thumb/v7-m/nofp\libc_nano.a(libc_a-callocr.o)
                0x0800db88                _calloc_r
 .text.__ascii_mbtowc
                0x0800dbb0       0x24 C:/ST/STM32CubeIDE_1.18.0/STM32CubeIDE/plugins/com.st.stm32cube.ide.mcu.externaltools.gnu-tools-for-stm32.13.3.rel1.win32_1.0.0.202411081344/tools/bin/../lib/gcc/arm-none-eabi/13.3.1/../../../../arm-none-eabi/lib/thumb/v7-m/nofp\libc_nano.a(libc_a-mbtowc_r.o)
                0x0800dbb0                __ascii_mbtowc
 .text._realloc_r
                0x0800dbd4       0x5c C:/ST/STM32CubeIDE_1.18.0/STM32CubeIDE/plugins/com.st.stm32cube.ide.mcu.externaltools.gnu-tools-for-stm32.13.3.rel1.win32_1.0.0.202411081344/tools/bin/../lib/gcc/arm-none-eabi/13.3.1/../../../../arm-none-eabi/lib/thumb/v7-m/nofp\libc_nano.a(libc_a-reallocr.o)
                0x0800dbd4                _realloc_r
 .text.__ascii_wctomb
                0x0800dc30       0x1a C:/ST/STM32CubeIDE_1.18.0/STM32CubeIDE/plugins/com.st.stm32cube.ide.mcu.externaltools.gnu-tools-for-stm32.13.3.rel1.win32_1.0.0.202411081344/tools/bin/../lib/gcc/arm-none-eabi/13.3.1/../../../../arm-none-eabi/lib/thumb/v7-m/nofp\libc_nano.a(libc_a-wctomb_r.o)
                0x0800dc30                __ascii_wctomb
 *fill*         0x0800dc4a        0x2 
 .text.fprintf  0x0800dc4c       0x24 C:/ST/STM32CubeIDE_1.18.0/STM32CubeIDE/plugins/com.st.stm32cube.ide.mcu.externaltools.gnu-tools-for-stm32.13.3.rel1.win32_1.0.0.202411081344/tools/bin/../lib/gcc/arm-none-eabi/13.3.1/../../../../arm-none-eabi/lib/thumb/v7-m/nofp\libc_nano.a(libc_a-fprintf.o)
                0x0800dc4c                fiprintf
                0x0800dc4c                fprintf
 .text.abort    0x0800dc70        0xe C:/ST/STM32CubeIDE_1.18.0/STM32CubeIDE/plugins/com.st.stm32cube.ide.mcu.externaltools.gnu-tools-for-stm32.13.3.rel1.win32_1.0.0.202411081344/tools/bin/../lib/gcc/arm-none-eabi/13.3.1/../../../../arm-none-eabi/lib/thumb/v7-m/nofp\libc_nano.a(libc_a-abort.o)
                0x0800dc70                abort
 .text._malloc_usable_size_r
                0x0800dc7e       0x10 C:/ST/STM32CubeIDE_1.18.0/STM32CubeIDE/plugins/com.st.stm32cube.ide.mcu.externaltools.gnu-tools-for-stm32.13.3.rel1.win32_1.0.0.202411081344/tools/bin/../lib/gcc/arm-none-eabi/13.3.1/../../../../arm-none-eabi/lib/thumb/v7-m/nofp\libc_nano.a(libc_a-msizer.o)
                0x0800dc7e                _malloc_usable_size_r
 .text.__sfputc_r
                0x0800dc8e       0x2a C:/ST/STM32CubeIDE_1.18.0/STM32CubeIDE/plugins/com.st.stm32cube.ide.mcu.externaltools.gnu-tools-for-stm32.13.3.rel1.win32_1.0.0.202411081344/tools/bin/../lib/gcc/arm-none-eabi/13.3.1/../../../../arm-none-eabi/lib/thumb/v7-m/nofp\libc_nano.a(libc_a-nano-vfprintf.o)
 .text.__sfputs_r
                0x0800dcb8       0x24 C:/ST/STM32CubeIDE_1.18.0/STM32CubeIDE/plugins/com.st.stm32cube.ide.mcu.externaltools.gnu-tools-for-stm32.13.3.rel1.win32_1.0.0.202411081344/tools/bin/../lib/gcc/arm-none-eabi/13.3.1/../../../../arm-none-eabi/lib/thumb/v7-m/nofp\libc_nano.a(libc_a-nano-vfprintf.o)
                0x0800dcb8                __sfputs_r
 .text._vfprintf_r
                0x0800dcdc      0x230 C:/ST/STM32CubeIDE_1.18.0/STM32CubeIDE/plugins/com.st.stm32cube.ide.mcu.externaltools.gnu-tools-for-stm32.13.3.rel1.win32_1.0.0.202411081344/tools/bin/../lib/gcc/arm-none-eabi/13.3.1/../../../../arm-none-eabi/lib/thumb/v7-m/nofp\libc_nano.a(libc_a-nano-vfprintf.o)
                0x0800dcdc                _vfprintf_r
                0x0800dcdc                _vfiprintf_r
 .text.__swbuf_r
                0x0800df0c       0x7c C:/ST/STM32CubeIDE_1.18.0/STM32CubeIDE/plugins/com.st.stm32cube.ide.mcu.externaltools.gnu-tools-for-stm32.13.3.rel1.win32_1.0.0.202411081344/tools/bin/../lib/gcc/arm-none-eabi/13.3.1/../../../../arm-none-eabi/lib/thumb/v7-m/nofp\libc_nano.a(libc_a-wbuf.o)
                0x0800df0c                __swbuf_r
 .text.__swsetup_r
                0x0800df88       0xac C:/ST/STM32CubeIDE_1.18.0/STM32CubeIDE/plugins/com.st.stm32cube.ide.mcu.externaltools.gnu-tools-for-stm32.13.3.rel1.win32_1.0.0.202411081344/tools/bin/../lib/gcc/arm-none-eabi/13.3.1/../../../../arm-none-eabi/lib/thumb/v7-m/nofp\libc_nano.a(libc_a-wsetup.o)
                0x0800df88                __swsetup_r
 .text._raise_r
                0x0800e034       0x50 C:/ST/STM32CubeIDE_1.18.0/STM32CubeIDE/plugins/com.st.stm32cube.ide.mcu.externaltools.gnu-tools-for-stm32.13.3.rel1.win32_1.0.0.202411081344/tools/bin/../lib/gcc/arm-none-eabi/13.3.1/../../../../arm-none-eabi/lib/thumb/v7-m/nofp\libc_nano.a(libc_a-signal.o)
                0x0800e034                _raise_r
 .text.raise    0x0800e084       0x10 C:/ST/STM32CubeIDE_1.18.0/STM32CubeIDE/plugins/com.st.stm32cube.ide.mcu.externaltools.gnu-tools-for-stm32.13.3.rel1.win32_1.0.0.202411081344/tools/bin/../lib/gcc/arm-none-eabi/13.3.1/../../../../arm-none-eabi/lib/thumb/v7-m/nofp\libc_nano.a(libc_a-signal.o)
                0x0800e084                raise
 .text._kill_r  0x0800e094       0x24 C:/ST/STM32CubeIDE_1.18.0/STM32CubeIDE/plugins/com.st.stm32cube.ide.mcu.externaltools.gnu-tools-for-stm32.13.3.rel1.win32_1.0.0.202411081344/tools/bin/../lib/gcc/arm-none-eabi/13.3.1/../../../../arm-none-eabi/lib/thumb/v7-m/nofp\libc_nano.a(libc_a-signalr.o)
                0x0800e094                _kill_r
 .text._getpid_r
                0x0800e0b8        0x4 C:/ST/STM32CubeIDE_1.18.0/STM32CubeIDE/plugins/com.st.stm32cube.ide.mcu.externaltools.gnu-tools-for-stm32.13.3.rel1.win32_1.0.0.202411081344/tools/bin/../lib/gcc/arm-none-eabi/13.3.1/../../../../arm-none-eabi/lib/thumb/v7-m/nofp\libc_nano.a(libc_a-signalr.o)
                0x0800e0b8                _getpid_r
 .text.__swhatbuf_r
                0x0800e0bc       0x4a C:/ST/STM32CubeIDE_1.18.0/STM32CubeIDE/plugins/com.st.stm32cube.ide.mcu.externaltools.gnu-tools-for-stm32.13.3.rel1.win32_1.0.0.202411081344/tools/bin/../lib/gcc/arm-none-eabi/13.3.1/../../../../arm-none-eabi/lib/thumb/v7-m/nofp\libc_nano.a(libc_a-makebuf.o)
                0x0800e0bc                __swhatbuf_r
 .text.__smakebuf_r
                0x0800e106       0x78 C:/ST/STM32CubeIDE_1.18.0/STM32CubeIDE/plugins/com.st.stm32cube.ide.mcu.externaltools.gnu-tools-for-stm32.13.3.rel1.win32_1.0.0.202411081344/tools/bin/../lib/gcc/arm-none-eabi/13.3.1/../../../../arm-none-eabi/lib/thumb/v7-m/nofp\libc_nano.a(libc_a-makebuf.o)
                0x0800e106                __smakebuf_r
 *fill*         0x0800e17e        0x2 
 .text._fstat_r
                0x0800e180       0x24 C:/ST/STM32CubeIDE_1.18.0/STM32CubeIDE/plugins/com.st.stm32cube.ide.mcu.externaltools.gnu-tools-for-stm32.13.3.rel1.win32_1.0.0.202411081344/tools/bin/../lib/gcc/arm-none-eabi/13.3.1/../../../../arm-none-eabi/lib/thumb/v7-m/nofp\libc_nano.a(libc_a-fstatr.o)
                0x0800e180                _fstat_r
 .text._isatty_r
                0x0800e1a4       0x20 C:/ST/STM32CubeIDE_1.18.0/STM32CubeIDE/plugins/com.st.stm32cube.ide.mcu.externaltools.gnu-tools-for-stm32.13.3.rel1.win32_1.0.0.202411081344/tools/bin/../lib/gcc/arm-none-eabi/13.3.1/../../../../arm-none-eabi/lib/thumb/v7-m/nofp\libc_nano.a(libc_a-isattyr.o)
                0x0800e1a4                _isatty_r
 .text.log      0x0800e1c4       0x64 C:/ST/STM32CubeIDE_1.18.0/STM32CubeIDE/plugins/com.st.stm32cube.ide.mcu.externaltools.gnu-tools-for-stm32.13.3.rel1.win32_1.0.0.202411081344/tools/bin/../lib/gcc/arm-none-eabi/13.3.1/../../../../arm-none-eabi/lib/thumb/v7-m/nofp\libm.a(libm_a-w_log.o)
                0x0800e1c4                log
 .text.nan      0x0800e228        0xc C:/ST/STM32CubeIDE_1.18.0/STM32CubeIDE/plugins/com.st.stm32cube.ide.mcu.externaltools.gnu-tools-for-stm32.13.3.rel1.win32_1.0.0.202411081344/tools/bin/../lib/gcc/arm-none-eabi/13.3.1/../../../../arm-none-eabi/lib/thumb/v7-m/nofp\libm.a(libm_a-s_nan.o)
                0x0800e228                nan
 *fill*         0x0800e234        0x4 
 .text.__ieee754_log
                0x0800e238      0x364 C:/ST/STM32CubeIDE_1.18.0/STM32CubeIDE/plugins/com.st.stm32cube.ide.mcu.externaltools.gnu-tools-for-stm32.13.3.rel1.win32_1.0.0.202411081344/tools/bin/../lib/gcc/arm-none-eabi/13.3.1/../../../../arm-none-eabi/lib/thumb/v7-m/nofp\libm.a(libm_a-e_log.o)
                0x0800e238                __ieee754_log
 *(.glue_7)
 .glue_7        0x0800e59c        0x0 linker stubs
 *(.glue_7t)
 .glue_7t       0x0800e59c        0x0 linker stubs
 *(.eh_frame)
 .eh_frame      0x0800e59c        0x0 C:/ST/STM32CubeIDE_1.18.0/STM32CubeIDE/plugins/com.st.stm32cube.ide.mcu.externaltools.gnu-tools-for-stm32.13.3.rel1.win32_1.0.0.202411081344/tools/bin/../lib/gcc/arm-none-eabi/13.3.1/thumb/v7-m/nofp/crtbegin.o
 *(.init)
 .init          0x0800e59c        0x4 C:/ST/STM32CubeIDE_1.18.0/STM32CubeIDE/plugins/com.st.stm32cube.ide.mcu.externaltools.gnu-tools-for-stm32.13.3.rel1.win32_1.0.0.202411081344/tools/bin/../lib/gcc/arm-none-eabi/13.3.1/thumb/v7-m/nofp/crti.o
                0x0800e59c                _init
 .init          0x0800e5a0        0x8 C:/ST/STM32CubeIDE_1.18.0/STM32CubeIDE/plugins/com.st.stm32cube.ide.mcu.externaltools.gnu-tools-for-stm32.13.3.rel1.win32_1.0.0.202411081344/tools/bin/../lib/gcc/arm-none-eabi/13.3.1/thumb/v7-m/nofp/crtn.o
 *(.fini)
 .fini          0x0800e5a8        0x4 C:/ST/STM32CubeIDE_1.18.0/STM32CubeIDE/plugins/com.st.stm32cube.ide.mcu.externaltools.gnu-tools-for-stm32.13.3.rel1.win32_1.0.0.202411081344/tools/bin/../lib/gcc/arm-none-eabi/13.3.1/thumb/v7-m/nofp/crti.o
                0x0800e5a8                _fini
 .fini          0x0800e5ac        0x8 C:/ST/STM32CubeIDE_1.18.0/STM32CubeIDE/plugins/com.st.stm32cube.ide.mcu.externaltools.gnu-tools-for-stm32.13.3.rel1.win32_1.0.0.202411081344/tools/bin/../lib/gcc/arm-none-eabi/13.3.1/thumb/v7-m/nofp/crtn.o
                0x0800e5b4                        . = ALIGN (0x4)
                0x0800e5b4                        _etext = .

.vfp11_veneer   0x0800e5b4        0x0
 .vfp11_veneer  0x0800e5b4        0x0 linker stubs

.v4_bx          0x0800e5b4        0x0
 .v4_bx         0x0800e5b4        0x0 linker stubs

.iplt           0x0800e5b4        0x0
 .iplt          0x0800e5b4        0x0 C:/ST/STM32CubeIDE_1.18.0/STM32CubeIDE/plugins/com.st.stm32cube.ide.mcu.externaltools.gnu-tools-for-stm32.13.3.rel1.win32_1.0.0.202411081344/tools/bin/../lib/gcc/arm-none-eabi/13.3.1/thumb/v7-m/nofp/crtbegin.o

.rodata         0x0800e5b8      0x628
                0x0800e5b8                        . = ALIGN (0x4)
 *(.rodata)
 .rodata        0x0800e5b8       0x48 ./Core/Src/lcd.o
 .rodata        0x0800e600      0x172 ./Core/Src/main.o
 *fill*         0x0800e772        0x2 
 .rodata        0x0800e774       0x44 ./Middlewares/Third_Party/FatFs/src/ff.o
 .rodata        0x0800e7b8        0x5 ./Middlewares/Third_Party/FreeRTOS/Source/tasks.o
 *(.rodata*)
 *fill*         0x0800e7bd        0x3 
 .rodata.AHBPrescTable
                0x0800e7c0       0x10 ./Core/Src/system_stm32f1xx.o
                0x0800e7c0                AHBPrescTable
 .rodata.APBPrescTable
                0x0800e7d0        0x8 ./Core/Src/system_stm32f1xx.o
                0x0800e7d0                APBPrescTable
 .rodata.aPLLMULFactorTable.1
                0x0800e7d8       0x10 ./Drivers/STM32F1xx_HAL_Driver/Src/stm32f1xx_hal_rcc.o
 .rodata.aPredivFactorTable.0
                0x0800e7e8        0x2 ./Drivers/STM32F1xx_HAL_Driver/Src/stm32f1xx_hal_rcc.o
 *fill*         0x0800e7ea        0x2 
 .rodata.ExCvt  0x0800e7ec       0x80 ./Middlewares/Third_Party/FatFs/src/ff.o
 .rodata._ctype_
                0x0800e86c      0x101 C:/ST/STM32CubeIDE_1.18.0/STM32CubeIDE/plugins/com.st.stm32cube.ide.mcu.externaltools.gnu-tools-for-stm32.13.3.rel1.win32_1.0.0.202411081344/tools/bin/../lib/gcc/arm-none-eabi/13.3.1/../../../../arm-none-eabi/lib/thumb/v7-m/nofp\libc_nano.a(libc_a-ctype_.o)
                0x0800e86c                _ctype_
 .rodata._printf_float.str1.1
                0x0800e96d      0x171 C:/ST/STM32CubeIDE_1.18.0/STM32CubeIDE/plugins/com.st.stm32cube.ide.mcu.externaltools.gnu-tools-for-stm32.13.3.rel1.win32_1.0.0.202411081344/tools/bin/../lib/gcc/arm-none-eabi/13.3.1/../../../../arm-none-eabi/lib/thumb/v7-m/nofp\libc_nano.a(libc_a-nano-vfprintf_float.o)
                                 0x12 (size before relaxing)
 .rodata._printf_i.str1.1
                0x0800eade       0x22 C:/ST/STM32CubeIDE_1.18.0/STM32CubeIDE/plugins/com.st.stm32cube.ide.mcu.externaltools.gnu-tools-for-stm32.13.3.rel1.win32_1.0.0.202411081344/tools/bin/../lib/gcc/arm-none-eabi/13.3.1/../../../../arm-none-eabi/lib/thumb/v7-m/nofp\libc_nano.a(libc_a-nano-vfprintf_i.o)
 .rodata._dtoa_r.str1.1
                0x0800eade       0x8f C:/ST/STM32CubeIDE_1.18.0/STM32CubeIDE/plugins/com.st.stm32cube.ide.mcu.externaltools.gnu-tools-for-stm32.13.3.rel1.win32_1.0.0.202411081344/tools/bin/../lib/gcc/arm-none-eabi/13.3.1/../../../../arm-none-eabi/lib/thumb/v7-m/nofp\libc_nano.a(libc_a-dtoa.o)
 .rodata._Balloc.str1.1
                0x0800eade       0x70 C:/ST/STM32CubeIDE_1.18.0/STM32CubeIDE/plugins/com.st.stm32cube.ide.mcu.externaltools.gnu-tools-for-stm32.13.3.rel1.win32_1.0.0.202411081344/tools/bin/../lib/gcc/arm-none-eabi/13.3.1/../../../../arm-none-eabi/lib/thumb/v7-m/nofp\libc_nano.a(libc_a-mprec.o)
 .rodata.__multadd.str1.1
                0x0800eade       0x11 C:/ST/STM32CubeIDE_1.18.0/STM32CubeIDE/plugins/com.st.stm32cube.ide.mcu.externaltools.gnu-tools-for-stm32.13.3.rel1.win32_1.0.0.202411081344/tools/bin/../lib/gcc/arm-none-eabi/13.3.1/../../../../arm-none-eabi/lib/thumb/v7-m/nofp\libc_nano.a(libc_a-mprec.o)
 *fill*         0x0800eade        0x2 
 .rodata.p05.0  0x0800eae0        0xc C:/ST/STM32CubeIDE_1.18.0/STM32CubeIDE/plugins/com.st.stm32cube.ide.mcu.externaltools.gnu-tools-for-stm32.13.3.rel1.win32_1.0.0.202411081344/tools/bin/../lib/gcc/arm-none-eabi/13.3.1/../../../../arm-none-eabi/lib/thumb/v7-m/nofp\libc_nano.a(libc_a-mprec.o)
 *fill*         0x0800eaec        0x4 
 .rodata.__mprec_bigtens
                0x0800eaf0       0x28 C:/ST/STM32CubeIDE_1.18.0/STM32CubeIDE/plugins/com.st.stm32cube.ide.mcu.externaltools.gnu-tools-for-stm32.13.3.rel1.win32_1.0.0.202411081344/tools/bin/../lib/gcc/arm-none-eabi/13.3.1/../../../../arm-none-eabi/lib/thumb/v7-m/nofp\libc_nano.a(libc_a-mprec.o)
                0x0800eaf0                __mprec_bigtens
 .rodata.__mprec_tens
                0x0800eb18       0xc8 C:/ST/STM32CubeIDE_1.18.0/STM32CubeIDE/plugins/com.st.stm32cube.ide.mcu.externaltools.gnu-tools-for-stm32.13.3.rel1.win32_1.0.0.202411081344/tools/bin/../lib/gcc/arm-none-eabi/13.3.1/../../../../arm-none-eabi/lib/thumb/v7-m/nofp\libc_nano.a(libc_a-mprec.o)
                0x0800eb18                __mprec_tens
 .rodata._svfprintf_r.str1.1
                0x0800ebe0       0x11 C:/ST/STM32CubeIDE_1.18.0/STM32CubeIDE/plugins/com.st.stm32cube.ide.mcu.externaltools.gnu-tools-for-stm32.13.3.rel1.win32_1.0.0.202411081344/tools/bin/../lib/gcc/arm-none-eabi/13.3.1/../../../../arm-none-eabi/lib/thumb/v7-m/nofp\libc_nano.a(libc_a-nano-svfprintf.o)
 .rodata._setlocale_r.str1.1
                0x0800ebe0        0x9 C:/ST/STM32CubeIDE_1.18.0/STM32CubeIDE/plugins/com.st.stm32cube.ide.mcu.externaltools.gnu-tools-for-stm32.13.3.rel1.win32_1.0.0.202411081344/tools/bin/../lib/gcc/arm-none-eabi/13.3.1/../../../../arm-none-eabi/lib/thumb/v7-m/nofp\libc_nano.a(libc_a-locale.o)
 .rodata.str1.1
                0x0800ebe0        0x2 C:/ST/STM32CubeIDE_1.18.0/STM32CubeIDE/plugins/com.st.stm32cube.ide.mcu.externaltools.gnu-tools-for-stm32.13.3.rel1.win32_1.0.0.202411081344/tools/bin/../lib/gcc/arm-none-eabi/13.3.1/../../../../arm-none-eabi/lib/thumb/v7-m/nofp\libc_nano.a(libc_a-locale.o)
 .rodata.__assert_func.str1.1
                0x0800ebe0       0x3d C:/ST/STM32CubeIDE_1.18.0/STM32CubeIDE/plugins/com.st.stm32cube.ide.mcu.externaltools.gnu-tools-for-stm32.13.3.rel1.win32_1.0.0.202411081344/tools/bin/../lib/gcc/arm-none-eabi/13.3.1/../../../../arm-none-eabi/lib/thumb/v7-m/nofp\libc_nano.a(libc_a-assert.o)
 .rodata._vfprintf_r.str1.1
                0x0800ebe0       0x11 C:/ST/STM32CubeIDE_1.18.0/STM32CubeIDE/plugins/com.st.stm32cube.ide.mcu.externaltools.gnu-tools-for-stm32.13.3.rel1.win32_1.0.0.202411081344/tools/bin/../lib/gcc/arm-none-eabi/13.3.1/../../../../arm-none-eabi/lib/thumb/v7-m/nofp\libc_nano.a(libc_a-nano-vfprintf.o)
 .rodata.log.str1.1
                0x0800ebe0        0x1 C:/ST/STM32CubeIDE_1.18.0/STM32CubeIDE/plugins/com.st.stm32cube.ide.mcu.externaltools.gnu-tools-for-stm32.13.3.rel1.win32_1.0.0.202411081344/tools/bin/../lib/gcc/arm-none-eabi/13.3.1/../../../../arm-none-eabi/lib/thumb/v7-m/nofp\libm.a(libm_a-w_log.o)
                0x0800ec20                        . = ALIGN (0x4)

.ARM.extab      0x0800ebe0        0x0
                0x0800ebe0                        . = ALIGN (0x4)
 *(.ARM.extab* .gnu.linkonce.armextab.*)
                0x0800ebe0                        . = ALIGN (0x4)

.ARM            0x0800ebe0        0x8
                0x0800ebe0                        . = ALIGN (0x4)
                0x0800ebe0                        __exidx_start = .
 *(.ARM.exidx*)
 .ARM.exidx     0x0800ebe0        0x8 C:/ST/STM32CubeIDE_1.18.0/STM32CubeIDE/plugins/com.st.stm32cube.ide.mcu.externaltools.gnu-tools-for-stm32.13.3.rel1.win32_1.0.0.202411081344/tools/bin/../lib/gcc/arm-none-eabi/13.3.1/../../../../arm-none-eabi/lib/thumb/v7-m/nofp\libc_nano.a(libc_a-strlen.o)
                0x0800ebe8                        __exidx_end = .
                0x0800ebe8                        . = ALIGN (0x4)

.preinit_array  0x0800ebe8        0x0
                0x0800ebe8                        . = ALIGN (0x4)
                0x0800ebe8                        PROVIDE (__preinit_array_start = .)
 *(.preinit_array*)
                0x0800ebe8                        PROVIDE (__preinit_array_end = .)
                0x0800ebe8                        . = ALIGN (0x4)

.init_array     0x0800ebe8        0x4
                0x0800ebe8                        . = ALIGN (0x4)
                0x0800ebe8                        PROVIDE (__init_array_start = .)
 *(SORT_BY_NAME(.init_array.*))
 *(.init_array*)
 .init_array    0x0800ebe8        0x4 C:/ST/STM32CubeIDE_1.18.0/STM32CubeIDE/plugins/com.st.stm32cube.ide.mcu.externaltools.gnu-tools-for-stm32.13.3.rel1.win32_1.0.0.202411081344/tools/bin/../lib/gcc/arm-none-eabi/13.3.1/thumb/v7-m/nofp/crtbegin.o
                0x0800ebec                        PROVIDE (__init_array_end = .)
                0x0800ebec                        . = ALIGN (0x4)

.fini_array     0x0800ebec        0x4
                0x0800ebec                        . = ALIGN (0x4)
                [!provide]                        PROVIDE (__fini_array_start = .)
 *(SORT_BY_NAME(.fini_array.*))
 *(.fini_array*)
 .fini_array    0x0800ebec        0x4 C:/ST/STM32CubeIDE_1.18.0/STM32CubeIDE/plugins/com.st.stm32cube.ide.mcu.externaltools.gnu-tools-for-stm32.13.3.rel1.win32_1.0.0.202411081344/tools/bin/../lib/gcc/arm-none-eabi/13.3.1/thumb/v7-m/nofp/crtbegin.o
                [!provide]                        PROVIDE (__fini_array_end = .)
                0x0800ebf0                        . = ALIGN (0x4)
                0x0800ebf0                        _sidata = LOADADDR (.data)

.rel.dyn        0x0800ebf0        0x0
 .rel.iplt      0x0800ebf0        0x0 C:/ST/STM32CubeIDE_1.18.0/STM32CubeIDE/plugins/com.st.stm32cube.ide.mcu.externaltools.gnu-tools-for-stm32.13.3.rel1.win32_1.0.0.202411081344/tools/bin/../lib/gcc/arm-none-eabi/13.3.1/thumb/v7-m/nofp/crtbegin.o

.data           0x20000000      0x220 load address 0x0800ebf0
                0x20000000                        . = ALIGN (0x4)
                0x20000000                        _sdata = .
 *(.data)
 *(.data*)
 .data.Stat     0x20000000        0x1 ./Core/Src/fatfs_sh.o
 *fill*         0x20000001        0x3 
 .data.pass     0x20000004        0x4 ./Core/Src/main.o
                0x20000004                pass
 .data.new_pass
                0x20000008        0x4 ./Core/Src/main.o
                0x20000008                new_pass
 .data.value    0x2000000c       0x10 ./Core/Src/main.o
                0x2000000c                value
 .data.new_value
                0x2000001c       0x10 ./Core/Src/main.o
                0x2000001c                new_value
 .data.T        0x2000002c        0x4 ./Core/Src/main.o
                0x2000002c                T
 .data.count    0x20000030        0x4 ./Core/Src/main.o
                0x20000030                count
 .data.SystemCoreClock
                0x20000034        0x4 ./Core/Src/system_stm32f1xx.o
                0x20000034                SystemCoreClock
 .data.uwTickPrio
                0x20000038        0x4 ./Drivers/STM32F1xx_HAL_Driver/Src/stm32f1xx_hal.o
                0x20000038                uwTickPrio
 .data.uwTickFreq
                0x2000003c        0x1 ./Drivers/STM32F1xx_HAL_Driver/Src/stm32f1xx_hal.o
                0x2000003c                uwTickFreq
 *fill*         0x2000003d        0x3 
 .data.USER_Driver
                0x20000040       0x14 ./FATFS/Target/user_diskio.o
                0x20000040                USER_Driver
 .data.uxCriticalNesting
                0x20000054        0x4 ./Middlewares/Third_Party/FreeRTOS/Source/portable/GCC/ARM_CM3/port.o