../Core/Src/main.c:86:6:Enter_Number	32	static
../Core/Src/main.c:105:6:Display_Data	72	static
../Core/Src/main.c:122:5:main	88	static
../Core/Src/main.c:223:6:SystemClock_Config	72	static
../Core/Src/main.c:260:13:MX_SPI2_Init	8	static
../Core/Src/main.c:298:13:MX_GPIO_Init	40	static
../Core/Src/main.c:336:6:StartDefaultTask	160	static
../Core/Src/main.c:550:6:Task2_init	112	static
../Core/Src/main.c:604:6:HAL_TIM_PeriodElapsedCallback	16	static
../Core/Src/main.c:622:6:Error_Handler	4	static,ignoring_inline_asm
